[    0.000000] Booting Linux on physical CPU 0x0
[    0.000000] Initializing cgroup subsys cpuset
[    0.000000] Initializing cgroup subsys cpu
[    0.000000] Initializing cgroup subsys cpuacct
[    0.000000] Initializing cgroup subsys schedtune
[    0.000000] Linux version 4.4.153-lineageOS+ (hypersync112@rupphaire) (gcc version 4.9.x 20150123 (prerelease) (GCC) ) #2 SMP PREEMPT Thu Aug 1 03:47:24 UTC 2019
[    0.000000] Boot CPU: AArch64 Processor [51af8014]
[    0.000000] Machine: Qualcomm Technologies, Inc. SDM 660 PM660 + PM660L QRD, X01BD
[    0.000000] Reserved memory: reserved region for node 'wlan_msa_guard@85600000': base 0x0000000085600000, size 1 MiB
[    0.000000] Reserved memory: reserved region for node 'wlan_msa_mem@85700000': base 0x0000000085700000, size 1 MiB
[    0.000000] Reserved memory: reserved region for node 'removed_regions@85800000': base 0x0000000085800000, size 55 MiB
[    0.000000] Reserved memory: reserved region for node 'modem_fw_region@8ac00000': base 0x000000008ac00000, size 126 MiB
[    0.000000] Reserved memory: reserved region for node 'adsp_fw_region@92a00000': base 0x0000000092a00000, size 30 MiB
[    0.000000] Reserved memory: reserved region for node 'pil_mba_region@94800000': base 0x0000000094800000, size 2 MiB
[    0.000000] Reserved memory: reserved region for node 'cdsp_fw_region@94a00000': base 0x0000000094a00000, size 6 MiB
[    0.000000] Reserved memory: reserved region for node 'splash_region@9d400000': base 0x000000009d400000, size 36 MiB
[    0.000000] Reserved memory: reserved region for node 'dfps_data_mem@0x9f7ff000': base 0x000000009f7ff000, size 0 MiB
[    0.000000] Reserved memory: reserved region for node 'pstore_reserve_mem_region@0': base 0x000000009ff00000, size 1 MiB
[    0.000000] Reserved memory: OVERLAP DETECTED!\x0asplash_region@9d400000 (0x000000009d400000--0x000000009f800000) overlaps with dfps_data_mem@0x9f7ff000 (0x000000009f7ff000--0x000000009f800000)
[    0.000000] Reserved memory: allocated memory for 'venus_fw_region' node: base 0x000000009cc00000, size 8 MiB
[    0.000000] Reserved memory: created CMA memory pool at 0x000000009cc00000, size 8 MiB
[    0.000000] Reserved memory: initialized node venus_fw_region, compatible id shared-dma-pool
[    0.000000] Reserved memory: allocated memory for 'linux,cma' node: base 0x00000000fd000000, size 44 MiB
[    0.000000] Reserved memory: created CMA memory pool at 0x00000000fd000000, size 44 MiB
[    0.000000] Reserved memory: initialized node linux,cma, compatible id shared-dma-pool
[    0.000000] Reserved memory: allocated memory for 'secure_region' node: base 0x00000000f7400000, size 92 MiB
[    0.000000] Reserved memory: created CMA memory pool at 0x00000000f7400000, size 92 MiB
[    0.000000] Reserved memory: initialized node secure_region, compatible id shared-dma-pool
[    0.000000] Reserved memory: allocated memory for 'qseecom_region' node: base 0x00000000f6000000, size 20 MiB
[    0.000000] Reserved memory: created CMA memory pool at 0x00000000f6000000, size 20 MiB
[    0.000000] Reserved memory: initialized node qseecom_region, compatible id shared-dma-pool
[    0.000000] Reserved memory: allocated memory for 'adsp_region' node: base 0x00000000f5800000, size 8 MiB
[    0.000000] Reserved memory: created CMA memory pool at 0x00000000f5800000, size 8 MiB
[    0.000000] Reserved memory: initialized node adsp_region, compatible id shared-dma-pool
[    0.000000] Removed memory: created DMA memory pool at 0x0000000085600000, size 1 MiB
[    0.000000] Reserved memory: initialized node wlan_msa_guard@85600000, compatible id removed-dma-pool
[    0.000000] Removed memory: created DMA memory pool at 0x0000000085700000, size 1 MiB
[    0.000000] Reserved memory: initialized node wlan_msa_mem@85700000, compatible id removed-dma-pool
[    0.000000] Removed memory: created DMA memory pool at 0x0000000085800000, size 55 MiB
[    0.000000] Reserved memory: initialized node removed_regions@85800000, compatible id removed-dma-pool
[    0.000000] Removed memory: created DMA memory pool at 0x000000008ac00000, size 126 MiB
[    0.000000] Reserved memory: initialized node modem_fw_region@8ac00000, compatible id removed-dma-pool
[    0.000000] Removed memory: created DMA memory pool at 0x0000000092a00000, size 30 MiB
[    0.000000] Reserved memory: initialized node adsp_fw_region@92a00000, compatible id removed-dma-pool
[    0.000000] Removed memory: created DMA memory pool at 0x0000000094800000, size 2 MiB
[    0.000000] Reserved memory: initialized node pil_mba_region@94800000, compatible id removed-dma-pool
[    0.000000] Removed memory: created DMA memory pool at 0x0000000094a00000, size 6 MiB
[    0.000000] Reserved memory: initialized node cdsp_fw_region@94a00000, compatible id removed-dma-pool
[    0.000000] On node 0 totalpages: 985024
[    0.000000] DMA zone: 7308 pages used for memmap
[    0.000000] DMA zone: 0 pages reserved
[    0.000000] DMA zone: 467712 pages, LIFO batch:31
[    0.000000] Normal zone: 8083 pages used for memmap
[    0.000000] Normal zone: 517312 pages, LIFO batch:31
[    0.000000] psci: probing for conduit method from DT.
[    0.000000] psci: PSCIv1.0 detected in firmware.
[    0.000000] psci: Using standard PSCI v0.2 function IDs
[    0.000000] psci: MIGRATE_INFO_TYPE not supported.
[    0.000000] psci: Initializing psci_cpu_init
[    0.000000] psci: Initializing psci_cpu_init
[    0.000000] psci: Initializing psci_cpu_init
[    0.000000] psci: Initializing psci_cpu_init
[    0.000000] psci: Initializing psci_cpu_init
[    0.000000] psci: Initializing psci_cpu_init
[    0.000000] psci: Initializing psci_cpu_init
[    0.000000] PERCPU: Embedded 21 pages/cpu @ffffffea3a158000 s47960 r8192 d29864 u86016
[    0.000000] pcpu-alloc: s47960 r8192 d29864 u86016 alloc=21*4096
[    0.000000] pcpu-alloc: [0] 0 [0] 1 [0] 2 [0] 3 [0] 4 [0] 5 [0] 6 [0] 7 
[    0.000000] CPU features: enabling workaround for Kryo2xx Silver erratum 845719
[    0.000000] Built 1 zonelists in Zone order, mobility grouping on.  Total pages: 969633
[    0.000000] Kernel command line: rcupdate.rcu_expedited=1 console=ttyMSM0,115200,n8 androidboot.console=ttyMSM0 earlycon=msm_serial_dm,0xc170000 androidboot.hardware=qcom user_debug=31 msm_rtb.filter=0x37 ehci-hcd.park=3 lpm_levels.sleep_disabled=1 sched_enable_hmp=1 sched_enable_power_aware=1 service_locator.enable=1 swiotlb=1 androidboot.configfs=true androidboot.usbcontroller=a800000.dwc3 firmware_class.path=/vendor/firmware_mnt/image loop.max_part=7 androidboot.selinux=permissive buildvariant=userdebug root=/dev/dm-0 dm="system none ro,0 1 android-verity /dev/mmcblk0p13" androidboot.verifiedbootstate=orange androidboot.keymaster=1  androidboot.veritymode=enforcing androidboot.bootdevice=c0c4000.sdhci androidboot.serialno=JCAAGF009255PTA androidboot.fuse_status=1 androidboot.enable_adb_byfb=0 androidboot.enable_camera_hal3=1 androidboot.board_id_st=ww androidboot.baseband=msm mdss_mdp.panel=1:dsi:0:qcom,mdss_dsi_nt36672ah_1080p_video_kd:config0:1:none:cfg:single_dsi
[    0.000000] device-mapper: init: will configure 1 devices
[    0.000000] log_buf_len individual max cpu contribution: 131072 bytes
[    0.000000] log_buf_len total cpu_extra contributions: 917504 bytes
[    0.000000] log_buf_len min size: 131072 bytes
[    0.000000] log_buf_len: 1048576 bytes
[    0.000000] early log buf free: 123648(94%)
[    0.000000] PID hash table entries: 4096 (order: 3, 32768 bytes)
[    0.000000] Dentry cache hash table entries: 524288 (order: 10, 4194304 bytes)
[    0.000000] Inode-cache hash table entries: 262144 (order: 9, 2097152 bytes)
[    0.000000] software IO TLB [mem 0xfffbf000-0xfffff000] (0MB) mapped at [ffffffe9bffbf000-ffffffe9bfffefff]
[    0.000000] Memory: 3599160K/3940096K available (19966K kernel code, 2862K rwdata, 9104K rodata, 10240K init, 5393K bss, 164808K reserved, 176128K cma-reserved)
[    0.000000] Virtual kernel memory layout:\x0a    modules : 0xffffff8000000000 - 0xffffff8008000000   (   128 MB)\x0a    vmalloc : 0xffffff8008000000 - 0xffffffbdbfff0000   (   246 GB)\x0a      .init : 0xffffff9b44200000 - 0xffffff9b44c00000   ( 10240 KB)\x0a      .text : 0xffffff9b42480000 - 0xffffff9b43800000   ( 19968 KB)\x0a    .rodata : 0xffffff9b43800000 - 0xffffff9b44200000   ( 10240 KB)\x0a      .data : 0xffffff9b44c00000 - 0xffffff9b44ecb808   (  2863 KB)\x0a    vmemmap : 0xffffffbdc0000000 - 0xffffffbfc0000000   (     8 GB maximum)\x0a              0xffffffbe65000000 - 0xffffffbe68f93000   (    63 MB actual)\x0a    fixed   : 0xffffffbffe7fb000 - 0xffffffbffec00000   (  4116 KB)\x0a    PCI I/O : 0xffffffbffee00000 - 0xffffffbfffe00000   (    16 MB)\x0a    memory  : 0xffffffe940000000 - 0xffffffea3e4c0000   (  4068 MB)
[    0.000000] SLUB: HWalign=64, Order=0-3, MinObjects=0, CPUs=8, Nodes=1
[    0.000000] HMP scheduling enabled.
[    0.000000] Preemptible hierarchical RCU implementation.
[    0.000000] \x09RCU dyntick-idle grace-period acceleration is enabled.
[    0.000000] 
[    0.000000] **********************************************************
[    0.000000] **   NOTICE NOTICE NOTICE NOTICE NOTICE NOTICE NOTICE   **
[    0.000000] **                                                      **
[    0.000000] ** trace_printk() being used. Allocating extra memory.  **
[    0.000000] **                                                      **
[    0.000000] ** This means that this is a DEBUG kernel and it is     **
[    0.000000] ** unsafe for production use.                           **
[    0.000000] **                                                      **
[    0.000000] ** If you see this message and you are not debugging    **
[    0.000000] ** the kernel, report this immediately to your vendor!  **
[    0.000000] **                                                      **
[    0.000000] **   NOTICE NOTICE NOTICE NOTICE NOTICE NOTICE NOTICE   **
[    0.000000] **********************************************************
[    0.000000] NR_IRQS:64 nr_irqs:64 0
[    0.000000] mpm_init_irq_domain(): Cannot find irq controller for qcom,gpio-parent
[    0.000000] MPM 1 irq mapping errored -517
[    0.000000] \x09Offload RCU callbacks from all CPUs
[    0.000000] \x09Offload RCU callbacks from CPUs: 0-7.
[    0.000000] Architected cp15 and mmio timer(s) running at 19.20MHz (virt/virt).
[    0.000000] clocksource: arch_sys_counter: mask: 0xffffffffffffff max_cycles: 0x46d987e47, max_idle_ns: 440795202767 ns
[    0.000003] sched_clock: 56 bits at 19MHz, resolution 52ns, wraps every 4398046511078ns
[    0.000016] clocksource: Switched to clocksource arch_sys_counter
[    0.001418] Calibrating delay loop (skipped), value calculated using timer frequency.. 38.40 BogoMIPS (lpj=192000)
[    0.001429] pid_max: default: 32768 minimum: 301
[    0.001495] Security Framework initialized
[    0.001503] SELinux:  Initializing.
[    0.001550] SELinux:  Starting in permissive mode
[    0.001582] Mount-cache hash table entries: 8192 (order: 4, 65536 bytes)
[    0.001591] Mountpoint-cache hash table entries: 8192 (order: 4, 65536 bytes)
[    0.002144] Initializing cgroup subsys io
[    0.002159] Initializing cgroup subsys memory
[    0.002181] Initializing cgroup subsys freezer
[    0.002193] Initializing cgroup subsys debug
[    0.002218] ftrace: allocating 56233 entries in 220 pages
[    0.118818] /cpus/cpu@0: Missing clock-frequency property
[    0.118834] /cpus/cpu@1: Missing clock-frequency property
[    0.118843] /cpus/cpu@2: Missing clock-frequency property
[    0.118852] /cpus/cpu@3: Missing clock-frequency property
[    0.118862] /cpus/cpu@100: Missing clock-frequency property
[    0.118872] /cpus/cpu@101: Missing clock-frequency property
[    0.118883] /cpus/cpu@102: Missing clock-frequency property
[    0.118893] /cpus/cpu@103: Missing clock-frequency property
[    0.118899] CPU0: update cpu_capacity 1024
[    0.118943] ASID allocator initialised with 32768 entries
[    0.119061] NOHZ: local_softirq_pending 02
[    0.120038] NOHZ: local_softirq_pending 02
[    0.128237] MSM Memory Dump base table set up
[    0.128262] MSM Memory Dump apps data table set up
[    0.133969] CPU1: update cpu_capacity 1024
[    0.134026] CPU1: Booted secondary processor [51af8014]
[    0.139187] CPU2: update cpu_capacity 1024
[    0.139230] CPU2: Booted secondary processor [51af8014]
[    0.144347] CPU3: update cpu_capacity 1024
[    0.144391] CPU3: Booted secondary processor [51af8014]
[    0.150005] CPU4: update cpu_capacity 1024
[    0.150139] CPU4: Booted secondary processor [51af8002]
[    0.155394] CPU5: update cpu_capacity 1024
[    0.155453] CPU5: Booted secondary processor [51af8002]
[    0.160901] CPU6: update cpu_capacity 1024
[    0.161029] CPU6: Booted secondary processor [51af8002]
[    0.166353] CPU7: update cpu_capacity 1024
[    0.166415] CPU7: Booted secondary processor [51af8002]
[    0.166524] Brought up 8 CPUs
[    0.166555] SMP: Total of 8 processors activated.
[    0.166560] CPU features: detected feature: GIC system register CPU interface
[    0.166899] CPU: All CPU(s) started at EL1
[    0.166948] alternatives: patching kernel code
[    0.167097] CPU7: update max cpu_capacity 1024
[    0.170047] CPU6: update max cpu_capacity 1024
[    0.225348] clocksource: jiffies: mask: 0xffffffff max_cycles: 0xffffffff, max_idle_ns: 19112604462750000 ns
[    0.225374] futex hash table entries: 2048 (order: 5, 131072 bytes)
[    0.233530] pinctrl core: initialized pinctrl subsystem
[    0.234500] NET: Registered protocol family 16
[    0.236532] schedtune: init normalization constants...
[    0.236540] schedtune: disabled!
[    0.237148] cpuidle: using governor ladder
[    0.237206] cpuidle: using governor menu
[    0.237248] cpuidle: using governor qcom
[    0.238572] vdso: 2 pages (1 code @ ffffff9b43806000, 1 data @ ffffff9b44c04000)
[    0.238602] hw-breakpoint: found 6 breakpoint and 4 watchpoint registers.
[    0.239356] DMA: preallocated 256 KiB pool for atomic allocations
[    0.242013] exit: IPA_USB init success!
[    0.257594] unable to find DT imem DLOAD mode node
[    0.258906] unable to find DT imem EDLOAD mode node
[    0.260823] spmi spmi-0: PMIC arbiter version v3 (0x30000000)
[    0.266759] LCDB: qpnp_lcdb_regulator_probe: Failed to parse dt rc=-517
[    0.268182] msm_watchdog 17817000.qcom,wdt: wdog absent resource not present
[    0.268583] msm_watchdog 17817000.qcom,wdt: MSM Watchdog Initialized
[    0.268848] sps:sps is ready.
[    0.270499] msm-thermal soc:qcom,msm-thermal: probe_psm:Failed reading node=/soc/qcom,msm-thermal, key=qcom,pmic-sw-mode-temp. err=-22. KTM continues
[    0.270601] msm_thermal:vdd_restriction_reg_init Defer regulator vdd-dig probe
[    0.270610] msm_thermal:probe_vdd_rstr Err regulator init. err:-517. KTM continues.
[    0.270623] msm-thermal soc:qcom,msm-thermal: probe_vdd_rstr:Failed reading node=/soc/qcom,msm-thermal, key=qcom,max-freq-level. err=-517. KTM continues
[    0.273190] gpu-sdm660 5065000.clock-controller: Registered GPU RBCPR clocks
[    0.276583] irq: no irq domain found for /soc/pinctrl@03000000 !
[    0.278640] platform soc:qcom,msm-adsprpc-mem: assigned reserved memory node adsp_region
[    0.282464] msm_rpm_dev_probe: APSS-RPM communication over GLINK
[    0.282603] msm_rpm_trans_notify_state: glink config params: transport=(null), edge=rpm, name=rpm_requests
[    0.305222] platform cce0000.qcom,venus: assigned reserved memory node venus_fw_region
[    0.306550] platform 15700000.qcom,lpass: assigned reserved memory node adsp_fw_region@92a00000
[    0.306940] platform 1a300000.qcom,turing: assigned reserved memory node cdsp_fw_region@94a00000
[    0.307371] platform 4080000.qcom,mss: assigned reserved memory node modem_fw_region@8ac00000
[    0.318734] msm_mpm_dev_probe(): Cannot get clk resource for XO: -517
[    0.319543] genirq: Setting trigger mode 8 for irq 95 failed (gic_set_type+0x0/0xc8)
[    0.319589] genirq: Setting trigger mode 8 for irq 96 failed (gic_set_type+0x0/0xc8)
[    0.319631] genirq: Setting trigger mode 8 for irq 97 failed (gic_set_type+0x0/0xc8)
[    0.319674] genirq: Setting trigger mode 8 for irq 98 failed (gic_set_type+0x0/0xc8)
[    0.319715] genirq: Setting trigger mode 8 for irq 99 failed (gic_set_type+0x0/0xc8)
[    0.328529] __of_mpm_init(): MPM driver mapping exists
[    0.343535] irq: no irq domain found for /soc/qcom,mdss_mdp@c900000 !
[    0.347241] LCDB: qpnp_lcdb_regulator_probe: Failed to parse dt rc=-517
[    0.347748] msm-thermal soc:qcom,msm-thermal: probe_psm:Failed reading node=/soc/qcom,msm-thermal, key=qcom,pmic-sw-mode-temp. err=-22. KTM continues
[    0.347962] msm_thermal:vdd_restriction_reg_init Defer regulator vdd-gfx probe
[    0.347968] msm_thermal:probe_vdd_rstr Err regulator init. err:-517. KTM continues.
[    0.347975] msm-thermal soc:qcom,msm-thermal: probe_vdd_rstr:Failed reading node=/soc/qcom,msm-thermal, key=qcom,max-freq-level. err=-517. KTM continues
[    0.353105] qcom-clk-smd-rpm soc:qcom,rpmcc: Registered RPM clocks
[    0.355952] gcc-sdm660 100000.clock-controller: Registered GCC clocks
[    0.366496] mmcc-sdm660 c8c0000.clock-controller: Registered MMSS clocks
[    0.370168] cpr4_sdm660_mmss_read_fuse_data: gfx_corner: CPR fusing revision = 0
[    0.370534] cpr4_sdm660_mmss_calculate_open_loop_voltages: gfx_corner: fuse_corner[0] open-loop= 585000 uV
[    0.370551] cpr4_sdm660_mmss_calculate_open_loop_voltages: gfx_corner: fuse_corner[1] open-loop= 645000 uV
[    0.370567] cpr4_sdm660_mmss_calculate_open_loop_voltages: gfx_corner: fuse_corner[2] open-loop= 725000 uV
[    0.370581] cpr4_sdm660_mmss_calculate_open_loop_voltages: gfx_corner: fuse_corner[3] open-loop= 790000 uV
[    0.370595] cpr4_sdm660_mmss_calculate_open_loop_voltages: gfx_corner: fuse_corner[4] open-loop= 870000 uV
[    0.370608] cpr4_sdm660_mmss_calculate_open_loop_voltages: gfx_corner: fuse_corner[5] open-loop= 925000 uV
[    0.370948] cpr3_regulator_init_ctrl: gfx: Default CPR mode = open-loop
[    0.372549] cprh_kbss_read_fuse_data: apc0_pwrcl_corner: speed bin = 4
[    0.372571] cprh_sdm660_kbss_read_fuse_data: apc0_pwrcl_corner: CPR fusing revision = 2
[    0.372707] cprh_kbss_calculate_open_loop_voltages: apc0_pwrcl_corner: fused   LowSVS: open-loop= 614000 uV
[    0.372722] cprh_kbss_calculate_open_loop_voltages: apc0_pwrcl_corner: fused      SVS: open-loop= 654000 uV
[    0.372736] cprh_kbss_calculate_open_loop_voltages: apc0_pwrcl_corner: fused  SVSPLUS: open-loop= 688000 uV
[    0.372750] cprh_kbss_calculate_open_loop_voltages: apc0_pwrcl_corner: fused      NOM: open-loop= 768000 uV
[    0.372762] cprh_kbss_calculate_open_loop_voltages: apc0_pwrcl_corner: fused TURBO_L1: open-loop= 928000 uV
[    0.372848] cprh_kbss_calculate_target_quotients: apc0_pwrcl_corner: fused   LowSVS: quot[ 7]= 344
[    0.372866] cprh_kbss_calculate_target_quotients: apc0_pwrcl_corner: fused      SVS: quot[ 7]= 416, quot_offset[ 7]=  70
[    0.372883] cprh_kbss_calculate_target_quotients: apc0_pwrcl_corner: fused  SVSPLUS: quot[ 7]= 470, quot_offset[ 7]=  50
[    0.372898] cprh_kbss_calculate_target_quotients: apc0_pwrcl_corner: fused      NOM: quot[ 7]= 615, quot_offset[ 7]= 145
[    0.372914] cprh_kbss_calculate_target_quotients: apc0_pwrcl_corner: fused TURBO_L1: quot[ 7]= 871, quot_offset[ 7]= 255
[    0.374361] cpr3_regulator_init_ctrl: apc0: Default CPR mode = full HW closed-loop
[    0.375605] cprh_kbss_read_fuse_data: apc1_perfcl_corner: speed bin = 4
[    0.375625] cprh_sdm660_kbss_read_fuse_data: apc1_perfcl_corner: CPR fusing revision = 2
[    0.375762] cprh_kbss_calculate_open_loop_voltages: apc1_perfcl_corner: fused      SVS: open-loop= 694000 uV
[    0.375778] cprh_kbss_calculate_open_loop_voltages: apc1_perfcl_corner: fused  SVSPLUS: open-loop= 738000 uV
[    0.375793] cprh_kbss_calculate_open_loop_voltages: apc1_perfcl_corner: fused      NOM: open-loop= 818000 uV
[    0.375806] cprh_kbss_calculate_open_loop_voltages: apc1_perfcl_corner: fused    TURBO: open-loop= 928000 uV
[    0.375819] cprh_kbss_calculate_open_loop_voltages: apc1_perfcl_corner: fused TURBO_L2: open-loop= 958000 uV
[    0.375900] cprh_kbss_calculate_target_quotients: apc1_perfcl_corner: fused      SVS: quot[ 7]= 554
[    0.375918] cprh_kbss_calculate_target_quotients: apc1_perfcl_corner: fused  SVSPLUS: quot[ 7]= 642, quot_offset[ 7]=  85
[    0.375934] cprh_kbss_calculate_target_quotients: apc1_perfcl_corner: fused      NOM: quot[ 7]= 813, quot_offset[ 7]= 170
[    0.375950] cprh_kbss_calculate_target_quotients: apc1_perfcl_corner: fused    TURBO: quot[ 7]=1013, quot_offset[ 7]= 200
[    0.375966] cprh_kbss_calculate_target_quotients: apc1_perfcl_corner: fused TURBO_L2: quot[ 7]=1070, quot_offset[ 7]=  55
[    0.377269] cpr3_regulator_init_ctrl: apc1: Default CPR mode = full HW closed-loop
[    0.378818] LCDB: qpnp_lcdb_regulator_probe: Failed to parse dt rc=-517
[    0.379833] msm-thermal soc:qcom,msm-thermal: probe_psm:Failed reading node=/soc/qcom,msm-thermal, key=qcom,pmic-sw-mode-temp. err=-22. KTM continues
[    0.380439] msm-thermal soc:qcom,msm-thermal: probe_ocr:Failed reading node=/soc/qcom,msm-thermal, key=qcom,pmic-opt-curr-temp err:-22. KTM continues
[    0.380472] msm-thermal soc:qcom,msm-thermal: probe_vdd_mx:Failed reading node=/soc/qcom,msm-thermal, key=qcom,mx-restriction-temp. KTM continues
[    0.380513] msm-thermal soc:qcom,msm-thermal: probe_freq_mitigation:Failed reading node=/soc/qcom,msm-thermal, key=qcom,limit-temp. err=-22. KTM continues
[    0.380544] msm-thermal soc:qcom,msm-thermal: msm_thermal:Failed reading node=/soc/qcom,msm-thermal, key=qcom,rpm-phase-resource-type err=-22. KTM continues
[    0.380572] msm-thermal soc:qcom,msm-thermal: msm_thermal:Failed reading node=/soc/qcom,msm-thermal, key=qcom,gfx-sensor-id. err=-22. KTM continues
[    0.382325] cpu cpu0: dev_pm_opp_get_opp_count: OPP table not found (-19)
[    0.382345] msm_thermal:get_cpu_freq_plan_len Error reading CPU0 freq table len. error:-19
[    0.382367] cpu cpu4: dev_pm_opp_get_opp_count: OPP table not found (-19)
[    0.382382] msm_thermal:get_cpu_freq_plan_len Error reading CPU4 freq table len. error:-19
[    0.382400] cpu cpu0: dev_pm_opp_get_opp_count: OPP table not found (-19)
[    0.382413] msm_thermal:get_cpu_freq_plan_len Error reading CPU0 freq table len. error:-19
[    0.382429] cpu cpu4: dev_pm_opp_get_opp_count: OPP table not found (-19)
[    0.382443] msm_thermal:get_cpu_freq_plan_len Error reading CPU4 freq table len. error:-19
[    0.384489] gpucc-sdm660 5065000.gfx: Registered GPUCC clocks
[    0.386318] clk-cpu-osm 179c0000.qcom,clk-cpu-660: using pwrcl speed bin 4 and pvs_ver 0
[    0.386364] clk-cpu-osm 179c0000.qcom,clk-cpu-660: using perfcl speed bin 4 and pvs_ver 0
[    0.388476] add_opp: Set OPP pair (300000000 Hz, 612000 uv) on cpu0
[    0.388771] add_opp: Set OPP pair (1843200000 Hz, 920000 uv) on cpu0
[    0.388808] add_opp: Set OPP pair (300000000 Hz, 612000 uv) on cpu1
[    0.388949] add_opp: Set OPP pair (1843200000 Hz, 920000 uv) on cpu1
[    0.388984] add_opp: Set OPP pair (300000000 Hz, 612000 uv) on cpu2
[    0.389135] add_opp: Set OPP pair (1843200000 Hz, 920000 uv) on cpu2
[    0.389159] add_opp: Set OPP pair (300000000 Hz, 612000 uv) on cpu3
[    0.389314] add_opp: Set OPP pair (1843200000 Hz, 920000 uv) on cpu3
[    0.389340] add_opp: Set OPP pair (300000000 Hz, 712000 uv) on cpu4
[    0.389429] add_opp: Set OPP pair (1958400000 Hz, 916000 uv) on cpu4
[    0.389454] add_opp: Set OPP pair (300000000 Hz, 712000 uv) on cpu5
[    0.389547] add_opp: Set OPP pair (1958400000 Hz, 916000 uv) on cpu5
[    0.389572] add_opp: Set OPP pair (300000000 Hz, 712000 uv) on cpu6
[    0.389665] add_opp: Set OPP pair (1958400000 Hz, 916000 uv) on cpu6
[    0.389693] add_opp: Set OPP pair (300000000 Hz, 712000 uv) on cpu7
[    0.389784] add_opp: Set OPP pair (1958400000 Hz, 916000 uv) on cpu7
[    0.390122] clk_cpu_osm_driver_probe: OSM driver inited
[    0.390166] LCDB: qpnp_lcdb_regulator_probe: Failed to parse dt rc=-517
[    0.397740] ACPI: Interpreter disabled.
[    0.397806] Minidump: Enabled, region base:160, region 0xffffff80088026f0
[    0.398215] KPI: Bootloader start count = 60366
[    0.398218] KPI: Bootloader end count = 458133
[    0.398220] KPI: Bootloader display count = 1289272936
[    0.398222] KPI: Bootloader load kernel count = 3247
[    0.398226] KPI: Kernel MPM timestamp = 479863
[    0.398228] KPI: Kernel MPM Clock frequency = 32768
[    0.398239] socinfo_print: v0.11, id=317, ver=1.0, raw_id=140, raw_ver=0, hw_plat=11, hw_plat_ver=65536\x0a accessory_chip=0, hw_plat_subtype=0, pmic_model=65563, pmic_die_revision=131072 foundry_id=3 serial_number=320512021 num_pmics=2
[    0.398247] msm_bus_fabric_init_driver
[    0.398726] msm_bus_device 1620000.ad-hoc-bus: Coresight support absent for bus: 6147
[    0.398780] msm_bus_device 1620000.ad-hoc-bus: Coresight support absent for bus: 0
[    0.398832] msm_bus_device 1620000.ad-hoc-bus: Coresight support absent for bus: 5120
[    0.398934] msm_bus_device 1620000.ad-hoc-bus: Coresight support absent for bus: 2048
[    0.398986] msm_bus_device 1620000.ad-hoc-bus: Coresight support absent for bus: 1024
[    0.399039] msm_bus_device 1620000.ad-hoc-bus: Coresight support absent for bus: 2049
[    0.407486] msm_bus_dev_init_qos: Skipping QOS init for 1
[    0.407516] msm_bus_dev_init_qos: Skipping QOS init for 727
[    0.407519] msm_bus_dev_init_qos: Skipping QOS init for 728
[    0.408516] cam_vadd_gpio_regulator: supplied by pm660l_bob
[    0.408670] cam_vaf_gpio_regulator: supplied by pm660l_bob
[    0.408830] cam_rear_dvdd_gpio_regulator: supplied by pm660_s5
[    0.408979] cam_f_avdd_gpio_regulator: supplied by pm660l_bob
[    0.409076] vgaarb: loaded
[    0.409184] qcom,qpnp-misc 800f000.qcom,spmi:qcom,pm660@0:qcom,misc@900: probe successful
[    0.409763] SCSI subsystem initialized
[    0.410091] usbcore: registered new interface driver usbfs
[    0.410109] usbcore: registered new interface driver hub
[    0.410235] usbcore: registered new device driver usb
[    0.410430] soc:usb_nop_phy supply vcc not found, using dummy regulator
[    0.410654] qcom,qpnp-power-on 800f000.qcom,spmi:qcom,pm660@0:qcom,power-on@800: PMIC@SID0 Power-on reason: Triggered from Hard Reset and 'cold' boot
[    0.410676] qcom,qpnp-power-on 800f000.qcom,spmi:qcom,pm660@0:qcom,power-on@800: PMIC@SID0: Power-off reason: Triggered from PS_HOLD (PS_HOLD/MSM controlled shutdown)
[    0.410783] input: qpnp_pon as /devices/virtual/input/input0
[    0.411208] qcom,qpnp-power-on 800f000.qcom,spmi:qcom,pm660l@2:qcom,power-on@800: No PON config. specified
[    0.411247] qcom,qpnp-power-on 800f000.qcom,spmi:qcom,pm660l@2:qcom,power-on@800: PMIC@SID2 Power-on reason: Triggered from PON1 (secondary PMIC) and 'cold' boot
[    0.411267] qcom,qpnp-power-on 800f000.qcom,spmi:qcom,pm660l@2:qcom,power-on@800: PMIC@SID2: Power-off reason: Triggered from GP1 (Keypad_Reset1)
[    0.411861] i2c-msm-v2 c176000.i2c: probing driver i2c-msm-v2
[    0.413679] i2c-msm-v2 c178000.i2c: probing driver i2c-msm-v2
[    0.414552] i2c-msm-v2 c1b6000.i2c: probing driver i2c-msm-v2
[    0.415324] i2c-msm-v2 c1b7000.i2c: probing driver i2c-msm-v2
[    0.416220] media: Linux media interface: v0.10
[    0.416262] Linux video capture interface: v2.00
[    0.418797] cpufreq: driver msm up and running
[    0.420831] platform soc:qcom,ion:qcom,ion-heap@22: assigned reserved memory node adsp_region
[    0.421345] platform soc:qcom,ion:qcom,ion-heap@27: assigned reserved memory node qseecom_region
[    0.421542] platform soc:qcom,ion:qcom,ion-heap@10: assigned reserved memory node secure_region
[    0.421890] ION heap system created
[    0.422146] ION heap adsp created at 0x00000000f5800000 with size 800000
[    0.422158] ION heap qsecom created at 0x00000000f6000000 with size 1400000
[    0.422172] ION heap secure_display created at 0x00000000f7400000 with size 5c00000
[    0.422185] ION heap secure_heap created
[    0.423284] PMIC@SID0: PM660 v2.0 options: 0, 0, 0, 0
[    0.423422] PMIC@SID2: PM660L v2.0.1 options: 0, 0, 0, 0
[    0.424777] ipa get_ipa_dts_configuration:4644 : apps shutdown support = Disabled
[    0.424824] IPA smmu_info.s1_bypass=1 smmu_info.fast_map=0
[    0.429994] gdsc_vfe0: supplied by gdsc_camss_top
[    0.430388] gdsc_vfe1: supplied by gdsc_camss_top
[    0.430605] gdsc_cpp: supplied by gdsc_camss_top
[    0.431464] gdsc_gpu_gx: supplied by gfx_corner
[    0.433931] mdss_pll_probe: MDSS pll label = MDSS DSI 0 PLL
[    0.433941] mdss_pll_probe: mdss_pll_probe: label=MDSS DSI 0 PLL PLL SSC enabled
[    0.435077] mdss_pll c994400.qcom,mdss_dsi_pll: Failed to create debugfs directory
[    0.435087] mdss_pll c994400.qcom,mdss_dsi_pll: Failed to create debugfs directory
[    0.435093] mdss_pll c994400.qcom,mdss_dsi_pll: Failed to create debugfs directory
[    0.435643] dsi_pll_clock_register_14nm: Registered DSI PLL ndx=0 clocks successfully
[    0.435681] mdss_pll_probe: MDSS pll label = MDSS DSI 1 PLL
[    0.435687] mdss_pll_probe: mdss_pll_probe: label=MDSS DSI 1 PLL PLL SSC enabled
[    0.435862] mdss_pll c996400.qcom,mdss_dsi_pll: Failed to create debugfs directory
[    0.435870] mdss_pll c996400.qcom,mdss_dsi_pll: Failed to create debugfs directory
[    0.435876] mdss_pll c996400.qcom,mdss_dsi_pll: Failed to create debugfs directory
[    0.436234] dsi_pll_clock_register_14nm: Registered DSI PLL ndx=1 clocks successfully
[    0.436300] mdss_pll_probe: MDSS pll label = MDSS DP PLL
[    0.453154] arm-smmu 16c0000.arm,smmu-anoc2: found 29 context interrupt(s) but have 21 context banks. assuming 21 context interrupts.
[    0.454560] arm-smmu 5100000.arm,smmu-lpass_q6: found 17 context interrupt(s) but have 14 context banks. assuming 14 context interrupts.
[    0.456224] arm-smmu cd00000.arm,smmu-mmss: found 24 context interrupt(s) but have 17 context banks. assuming 17 context interrupts.
[    0.456672] arm-smmu 5040000.arm,smmu-kgsl: regulator defer delay 80
[    0.457053] arm-smmu 5040000.arm,smmu-kgsl: found 8 context interrupt(s) but have 5 context banks. assuming 5 context interrupts.
[    0.457949] arm-smmu 5180000.arm,smmu-turing_q6: found 17 context interrupt(s) but have 13 context banks. assuming 13 context interrupts.
[    0.461384] iommu: Adding device 18800000.qcom,icnss to group 0
[    0.461803] iommu: Adding device soc:iommu_test_device to group 1
[    0.461839] iommu: Adding device soc:usb_audio_qmi_dev to group 2
[    0.462174] iommu: Adding device soc:qcom,msm-audio-ion to group 3
[    0.462484] iommu: Adding device 14780000.qcom,ipa:ipa_smmu_ap to group 4
[    0.462500] iommu: Adding device 14780000.qcom,ipa:ipa_smmu_uc to group 5
[    0.463719] Advanced Linux Sound Architecture Driver Initialized.
[    0.464424] Bluetooth: ffffffea39747cf8
[    0.464448] NET: Registered protocol family 31
[    0.464450] Bluetooth: ffffffea39747cf8
[    0.464461] Bluetooth: ffffffea39747cd8
[    0.464465] Bluetooth: ffffffea39747cb8
[    0.464488] Bluetooth: ffffffea39747cb8
[    0.464890] cfg80211: World regulatory domain updated:
[    0.464896] cfg80211:  DFS Master region: unset
[    0.464901] cfg80211:   (start_freq - end_freq @ bandwidth), (max_antenna_gain, max_eirp), (dfs_cac_time)
[    0.464908] cfg80211:   (2402000 KHz - 2472000 KHz @ 40000 KHz), (N/A, 2000 mBm), (N/A)
[    0.464912] cfg80211:   (2457000 KHz - 2482000 KHz @ 40000 KHz), (N/A, 2000 mBm), (N/A)
[    0.464915] cfg80211:   (2474000 KHz - 2494000 KHz @ 20000 KHz), (N/A, 2000 mBm), (N/A)
[    0.464917] cfg80211:   (5170000 KHz - 5250000 KHz @ 80000 KHz), (N/A, 2000 mBm), (N/A)
[    0.464920] cfg80211:   (5250000 KHz - 5330000 KHz @ 80000 KHz), (N/A, 2000 mBm), (N/A)
[    0.464922] cfg80211:   (5490000 KHz - 5710000 KHz @ 80000 KHz), (N/A, 2000 mBm), (N/A)
[    0.464924] cfg80211:   (5735000 KHz - 5835000 KHz @ 80000 KHz), (N/A, 2000 mBm), (N/A)
[    0.464926] cfg80211:   (57240000 KHz - 63720000 KHz @ 2160000 KHz), (N/A, 0 mBm), (N/A)
[    0.465107] NetLabel: Initializing
[    0.465109] NetLabel:  domain hash size = 128
[    0.465111] NetLabel:  protocols = UNLABELED CIPSOv4
[    0.465148] NetLabel:  unlabeled traffic allowed by default
[    0.465201] pcie:pcie_init.
[    0.471668] LCDB: qpnp_lcdb_regulator_probe: LCDB module successfully registered! lcdb_en=1 ldo_voltage=5500mV ncp_voltage=11900mV bst_voltage=5600mV
[    0.471878] qpnp_labibb_regulator_probe: qpnp_labibb: <private info omitted> peripheral type 81
[    0.471897] qcom,qpnp-labibb-regulator: probe of 800f000.qcom,spmi:qcom,pm660l@3:qpnp-labibb-regulator failed with error -22
[    0.476499] ipa ipa2_uc_state_check:296 uC interface not initialized
[    0.476516] ipa ipa_sps_irq_control_all:963 EP (2) not allocated.
[    0.476522] ipa ipa_sps_irq_control_all:963 EP (5) not allocated.
[    0.478747] sps:BAM 0x0000000014784000 is registered.
[    0.479587] sps:BAM 0x0000000014784000 (va:0xffffff80087c0000) enabled: ver:0x27, number of pipes:20
[    0.487941] IPA driver initialization was successful.
[    0.489095] clocksource: Switched to clocksource arch_sys_counter
[    0.512905] pnp: PnP ACPI: disabled
[    0.518130] gcc-debug-sdm660 62000.qcom,cc-debug: Registered debug mux successfully
[    0.518874] NET: Registered protocol family 2
[    0.519364] TCP established hash table entries: 32768 (order: 6, 262144 bytes)
[    0.519514] TCP bind hash table entries: 32768 (order: 7, 524288 bytes)
[    0.519897] TCP: Hash tables configured (established 32768 bind 32768)
[    0.520104] UDP hash table entries: 2048 (order: 4, 65536 bytes)
[    0.520142] UDP-Lite hash table entries: 2048 (order: 4, 65536 bytes)
[    0.520375] NET: Registered protocol family 1
[    0.520420] PCI: CLS 0 bytes, default 64
[    0.520771] Trying to unpack rootfs image as initramfs...
[    0.557906] Freeing initrd memory: 1816K
[    0.563505] audit: initializing netlink subsys (disabled)
[    0.563587] audit: type=2000 audit(0.559:1): initialized
[    0.563844] vmscan: error setting kswapd cpu affinity mask
[    0.566133] VFS: Disk quotas dquot_6.6.0
[    0.566199] VFS: Dquot-cache hash table entries: 512 (order 0, 4096 bytes)
[    0.566919] Registering sdcardfs 0.1
[    0.567037] fuse init (API version 7.23)
[    0.567152] SELinux:  Registering netfilter hooks
[    0.567452] pfk_ecryptfs [pfk_ecryptfs_init]: PFK ecryptfs inited successfully
[    0.567456] pfk_ext4 [pfk_ext4_init]: PFK EXT4 inited successfully
[    0.567461] pfk [pfk_init]: Driver initialized successfully
[    0.571606] Block layer SCSI generic (bsg) driver version 0.4 loaded (major 246)
[    0.571613] io scheduler noop registered
[    0.571619] io scheduler deadline registered
[    0.571686] io scheduler cfq registered (default)
[    0.571722] io scheduler bfq registered
[    0.571724] BFQ I/O-scheduler: v8r5
[    0.576967] msm_dss_get_res_byname: 'vbif_nrt_phys' resource not found
[    0.576984] mdss_mdp_probe+0x270/0x13e4->msm_dss_ioremap_byname: 'vbif_nrt_phys' msm_dss_get_res_byname failed
[    0.577461] mdss_mdp_irq_clk_setup: unable to get core gdsc regulator
[    0.578468] No change in context(0==0), skip
[    0.579258] mdss_mdp_pipe_addr_setup: type:0 ftchid:-1 xinid:0 num:0 rect:0 ndx:0x1 prio:0
[    0.579262] mdss_mdp_pipe_addr_setup: type:0 ftchid:-1 xinid:4 num:1 rect:0 ndx:0x2 prio:1
[    0.579289] mdss_mdp_pipe_addr_setup: type:2 ftchid:-1 xinid:1 num:6 rect:0 ndx:0x40 prio:2
[    0.579294] mdss_mdp_pipe_addr_setup: type:2 ftchid:-1 xinid:1 num:6 rect:1 ndx:0x40 prio:2
[    0.579297] mdss_mdp_pipe_addr_setup: type:2 ftchid:-1 xinid:5 num:7 rect:0 ndx:0x80 prio:3
[    0.579304] mdss_mdp_pipe_addr_setup: type:2 ftchid:-1 xinid:5 num:7 rect:1 ndx:0x80 prio:3
[    0.579307] mdss_mdp_pipe_addr_setup: type:2 ftchid:-1 xinid:9 num:12 rect:0 ndx:0x1000 prio:4
[    0.579313] mdss_mdp_pipe_addr_setup: type:2 ftchid:-1 xinid:9 num:12 rect:1 ndx:0x1000 prio:4
[    0.579325] mdss_mdp_pipe_addr_setup: type:3 ftchid:-1 xinid:2 num:10 rect:0 ndx:0x400 prio:0
[    0.579332] mdss_mdp_parse_dt_handler: Error from prop qcom,mdss-pipe-sw-reset-off : u32 array read
[    0.579397] mdss_mdp_parse_dt_handler: Error from prop qcom,mdss-ib-factor-overlap : u32 array read
[    0.579402] mdss_mdp_parse_dt_handler: Error from prop qcom,mdss-bus-througput-factor : u32 array read
[    0.579750] xlog_status: enable:1, panic:1, dump:2
[    0.580119] iommu: Adding device c900000.qcom,mdss_mdp:qcom,smmu_mdp_unsec_cb to group 6
[    0.580381] iommu: Adding device c900000.qcom,mdss_mdp:qcom,smmu_mdp_sec_cb to group 7
[    0.580508] mdss_mdp_probe: mdss version = 0x30020000, bootloader display is on, num 1, intf_sel=0x00000100
[    0.582072] mdss_smmu_probe: iommu v2 domain[0] mapping and clk register successful!
[    0.582313] mdss_smmu_probe: iommu v2 domain[2] mapping and clk register successful!
[    0.584844] mdss_dsi_ctrl_probe: DSI Ctrl name = MDSS DSI CTRL->0
[    0.585255] mdss_dsi_find_panel_of_node: cmdline:0:qcom,mdss_dsi_nt36672ah_1080p_video_kd:config0:1:none:cfg:single_dsi panel_name:qcom,mdss_dsi_nt36672ah_1080p_video_kd
[    0.585320] mdss_dsi_panel_init: Panel Name = nt36672ah 1080p video mode dsi kd panel
[    0.585381] mdss_dsi_parse_split_link_settings: enable 0 sublinks-count 0 lanes per sublink 0
[    0.585404] mdss_dsi_panel_timing_from_dt: found new timing "qcom,mdss_dsi_nt36672ah_1080p_video_kd" (ffffffea39747208)
[    0.585419] mdss_dsi_parse_dcs_cmds: failed, key=qcom,mdss-dsi-post-panel-on-command
[    0.585423] mdss_dsi_parse_dcs_cmds: failed, key=qcom,mdss-dsi-timing-switch-command
[    0.585426] mdss_dsi_panel_get_dsc_cfg_np: cannot find dsc config node:config0
[    0.585495] mdss_dsi_parse_panel_features: ulps feature disabled
[    0.585500] mdss_dsi_parse_panel_features: ulps during suspend feature disabled
[    0.585504] mdss_dsi_parse_dms_config: dynamic switch feature enabled: 0
[    0.585536] mdss_dsi_parse_dcs_cmds: failed, key=qcom,mdss-dsi-lp-mode-on
[    0.585540] mdss_dsi_parse_dcs_cmds: failed, key=qcom,mdss-dsi-lp-mode-off
[    0.585551] mdss_dsi_set_refresh_rate_range:2318, Unable to read min refresh rate
[    0.585555] mdss_dsi_set_refresh_rate_range:2333, Unable to read max refresh rate
[    0.585556] dyn_fps: min = 60, max = 60
[    0.585769] mdss_dsi_parse_ctrl_params:4547 Unable to read qcom,display-id, data=0000000000000000,len=20
[    0.585799] mdss_dsi_parse_gpio_params: bklt_en gpio not specified
[    0.585802] mdss_dsi_parse_gpio_params: avdd_en gpio not specified
[    0.585901] msm_dss_get_res_byname: 'dsi_phy_regulator' resource not found
[    0.585915] mdss_dsi_retrieve_ctrl_resources+0x178/0x1fc->msm_dss_ioremap_byname: 'dsi_phy_regulator' msm_dss_get_res_byname failed
[    0.585919] mdss_dsi_retrieve_ctrl_resources: ctrl_base=ffffff80086a2000 ctrl_size=400 phy_base=ffffff80086a4400 phy_size=588
[    0.586037] dsi_panel_device_register: Continuous splash enabled
[    0.586363] mdss_register_panel: adding framebuffer device c994000.qcom,mdss_dsi_ctrl0
[    0.587420] mdss_dsi_ctrl_probe: Dsi Ctrl->0 initialized, DSI rev:0x20010000, PHY rev:0x2
[    0.587543] mdss_dsi_status_init: DSI status check interval:2000
[    0.588544] mdss_dp_usbpd_setup: get_usbpd phandle failed (-19)
[    0.588547] mdss_dp_probe: Error usbpd setup!
[    0.589740] mdss_register_panel: adding framebuffer device soc:qcom,mdss_wb_panel
[    0.590455] mdss_fb_probe: fb0: split_mode:0 left:0 right:0
[    0.590808] mdss_fb_register: FrameBuffer[0] 1080x2280 registered successfully!
[    0.591462] mdss_fb_probe: fb1: split_mode:0 left:0 right:0
[    0.591524] mdss_fb_register: FrameBuffer[1] 640x480 registered successfully!
[    0.591662] mdss_mdp_splash_parse_dt: splash mem child node is not present
[    0.596624] spcom [spcom_init]: spcom driver version 1.2 23-Aug-2017.
[    0.597032] audio_notifer_reg_service: service SSR_MODEM is in use
[    0.603405] memshare_child soc:qcom,memshare:qcom,client_1: for memshare_GPS segments only will be dumped.
[    0.603693] memshare_child soc:qcom,memshare:qcom,client_2: for memshare_FTM segments only will be dumped.
[    0.603817] memshare_child soc:qcom,memshare:qcom,client_3: for memshare_DIAG segments only will be dumped.
[    0.603848] In memshare_probe, Memshare probe success
[    0.604582] subsys-pil-tz cce0000.qcom,venus: invalid resource
[    0.604587] subsys-pil-tz cce0000.qcom,venus: Failed to iomap base register
[    0.605226] subsys-pil-tz cce0000.qcom,venus: for venus segments only will be dumped.
[    0.605799] subsys-pil-tz soc:qcom,kgsl-hyp: invalid resource
[    0.605805] subsys-pil-tz soc:qcom,kgsl-hyp: Failed to iomap base register
[    0.605813] subsys-pil-tz soc:qcom,kgsl-hyp: for a512_zap segments only will be dumped.
[    0.607253] pil-q6v5-mss 4080000.qcom,mss: No pas_id found.
[    0.610928] icnss 18800000.qcom,icnss: for wcss_msa0 segments only will be dumped.
[    0.611095] icnss: Platform driver probed successfully
[    0.613858] msm_rpm_log_probe: OK
[    0.615232] uart_tx_gpio is not available
[    0.615238] uart_rx_gpio is not available
[    0.615241] uart_cts_gpio is not available
[    0.615243] uart_rfr_gpio is not available
[    0.615840] sps: BAM device 0x000000000c184000 is not registered yet.
[    0.615996] sps:BAM 0x000000000c184000 is registered.
[    0.617160] c1af000.uart: ttyHS0 at MMIO 0xc1af000 (irq = 311, base_baud = 460800) is a MSM HS UART
[    0.618043] msm_serial_hs module loaded
[    0.619722] random: nonblocking pool is initialized
[    0.632946] iommu: Adding device 5040000.qcom,kgsl-iommu:gfx3d_user to group 8
[    0.633249] iommu: Adding device 5040000.qcom,kgsl-iommu:gfx3d_secure to group 9
[    0.640915] brd: module loaded
[    0.643492] loop: module loaded
[    0.643775] zram: Added device: zram0
[    0.644540] QSEECOM: qseecom_probe: qseecom.qsee_version = 0x1001000
[    0.644567] QSEECOM: qseecom_retrieve_ce_data: Device does not support PFE
[    0.644573] QSEECOM: qseecom_probe: no-clock-support=0x1
[    0.644576] QSEECOM: qseecom_probe: qseecom.qsee_reentrancy_support = 2
[    0.644751] QSEECOM: qseecom_probe: qseecom.whitelist_support = 1
[    0.647067] sdm660-pinctrl 3000000.pinctrl: invalid group "gpio999" for function "gpio"
[    0.647085] sdm660-pinctrl 3000000.pinctrl: does not have pin group gpio999
[    0.647089] sdm660-pinctrl 3000000.pinctrl: could not map group config for "gpio999"
[    0.647095] sdm660-pinctrl 3000000.pinctrl: invalid group "gpio999" for function "gpio"
[    0.647102] sdm660-pinctrl 3000000.pinctrl: does not have pin group gpio999
[    0.647105] sdm660-pinctrl 3000000.pinctrl: could not map group config for "gpio999"
[    0.647210] sdm660-pinctrl 3000000.pinctrl: invalid group "gpio999" for function "gpio"
[    0.647218] sdm660-pinctrl 3000000.pinctrl: does not have pin group gpio999
[    0.647220] sdm660-pinctrl 3000000.pinctrl: could not map group config for "gpio999"
[    0.647228] sdm660-pinctrl 3000000.pinctrl: invalid group "gpio999" for function "gpio"
[    0.647235] sdm660-pinctrl 3000000.pinctrl: does not have pin group gpio999
[    0.647237] sdm660-pinctrl 3000000.pinctrl: could not map group config for "gpio999"
[    0.647243] msm-cdc-pinctrl soc:msm_cdc_pinctrl@75: msm_cdc_pinctrl_probe: Cannot get cdc gpio pinctrl:-22
[    0.647253] msm-cdc-pinctrl: probe of soc:msm_cdc_pinctrl@75 failed with error -22
[    0.648653] sdm660-pinctrl 3000000.pinctrl: invalid group "gpio107" for function "sndwire_data"
[    0.648666] sdm660-pinctrl 3000000.pinctrl: invalid group "gpio107" for function "sndwire_data"
[    0.648822] sdm660-pinctrl 3000000.pinctrl: invalid group "gpio107" for function "sndwire_data"
[    0.648835] sdm660-pinctrl 3000000.pinctrl: invalid group "gpio107" for function "sndwire_data"
[    0.651993] qce 1de0000.qcedev: Qualcomm Crypto 5.3.4 device found @0x1de0000
[    0.652007] qce 1de0000.qcedev: CE device = 0x0\x0aIO base, CE = 0xffffff8008ec0000\x0aConsumer (IN) PIPE 2,    Producer (OUT) PIPE 3\x0aIO base BAM = 0x0000000000000000\x0aBAM IRQ 86\x0aEngines Availability = 0x2011053
[    0.652207] sps:BAM 0x0000000001dc4000 is registered.
[    0.652407] sps:BAM 0x0000000001dc4000 (va:0xffffff8009c40000) enabled: ver:0x27, number of pipes:16
[    0.652623] QCE50: qce_sps_init:  Qualcomm MSM CE-BAM at 0x0000000001dc4000 irq 86
[    0.660296] qcrypto 1de0000.qcrypto: Qualcomm Crypto 5.3.4 device found @0x1de0000
[    0.660310] qcrypto 1de0000.qcrypto: CE device = 0x0\x0aIO base, CE = 0xffffff8009d00000\x0aConsumer (IN) PIPE 4,    Producer (OUT) PIPE 5\x0aIO base BAM = 0x0000000000000000\x0aBAM IRQ 86\x0aEngines Availability = 0x2011053
[    0.660666] QCE50: qce_sps_init:  Qualcomm MSM CE-BAM at 0x0000000001dc4000 irq 86
[    0.666632] qcrypto 1de0000.qcrypto: qcrypto-ecb-aes
[    0.666783] qcrypto 1de0000.qcrypto: qcrypto-cbc-aes
[    0.666911] qcrypto 1de0000.qcrypto: qcrypto-ctr-aes
[    0.667029] qcrypto 1de0000.qcrypto: qcrypto-ecb-des
[    0.667144] qcrypto 1de0000.qcrypto: qcrypto-cbc-des
[    0.667257] qcrypto 1de0000.qcrypto: qcrypto-ecb-3des
[    0.667369] qcrypto 1de0000.qcrypto: qcrypto-cbc-3des
[    0.667481] qcrypto 1de0000.qcrypto: qcrypto-xts-aes
[    0.667596] qcrypto 1de0000.qcrypto: qcrypto-sha1
[    0.667710] qcrypto 1de0000.qcrypto: qcrypto-sha256
[    0.667820] qcrypto 1de0000.qcrypto: qcrypto-aead-hmac-sha1-cbc-aes
[    0.667933] qcrypto 1de0000.qcrypto: qcrypto-aead-hmac-sha1-cbc-des
[    0.668045] qcrypto 1de0000.qcrypto: qcrypto-aead-hmac-sha1-cbc-3des
[    0.668159] qcrypto 1de0000.qcrypto: qcrypto-aead-hmac-sha256-cbc-aes
[    0.668276] qcrypto 1de0000.qcrypto: qcrypto-aead-hmac-sha256-cbc-des
[    0.668391] qcrypto 1de0000.qcrypto: qcrypto-aead-hmac-sha256-cbc-3des
[    0.668502] qcrypto 1de0000.qcrypto: qcrypto-hmac-sha1
[    0.668614] qcrypto 1de0000.qcrypto: qcrypto-hmac-sha256
[    0.668726] qcrypto 1de0000.qcrypto: qcrypto-aes-ccm
[    0.668838] qcrypto 1de0000.qcrypto: qcrypto-rfc4309-aes-ccm
[    0.670314] qcom_ice_get_device_tree_data: No vdd-hba-supply regulator, assuming not needed
[    0.670909] SCSI Media Changer driver v0.25 
[    0.671612] Ethernet Channel Bonding Driver: v3.7.1 (April 27, 2011)
[    0.671951] i2c-msm-v2 c1b6000.i2c: NACK: slave not responding, ensure its powered: msgs(n:1 cur:0 tx) bc(rx:0 tx:4) mode:FIFO slv_addr:0x28 MSTR_STS:0x0d1300c8 OPER:0x00000090
[    0.672007] nq-nci 6-0028: nfcc_hw_check: - i2c_master_send Error
[    0.672012] nq-nci 6-0028: nfcc_hw_check: - NFCC HW not available
[    0.672175] nq-nci 6-0028: nqx_probe: probing nqxx failed, check hardware
[    0.672587] tun: Universal TUN/TAP device driver, 1.6
[    0.672590] tun: (C) 1999-2004 Max Krasnyansky <<email omitted>>
[    0.672631] sky2: driver version 1.30
[    0.673034] PPP generic driver version 2.4.2
[    0.673084] PPP BSD Compression module registered
[    0.673089] PPP Deflate Compression module registered
[    0.673106] PPP MPPE Compression module registered
[    0.673112] NET: Registered protocol family 24
[    0.673206] CLD80211: Initializing
[    0.673284] usbcore: registered new interface driver asix
[    0.673338] usbcore: registered new interface driver ax88179_178a
[    0.673355] usbcore: registered new interface driver cdc_ether
[    0.673374] usbcore: registered new interface driver net1080
[    0.673390] usbcore: registered new interface driver cdc_subset
[    0.673405] usbcore: registered new interface driver zaurus
[    0.673443] usbcore: registered new interface driver cdc_ncm
[    0.673905] msm_sharedmem: sharedmem_register_qmi: qmi init successful
[    0.678094] msm_sharedmem: msm_sharedmem_probe: Device created for client 'rmtfs'
[    0.683070] msm-dwc3 a800000.ssusb: unable to get dbm device
[    0.684454] ehci_hcd: USB 2.0 'Enhanced' Host Controller (EHCI) Driver
[    0.684461] ehci-pci: EHCI PCI platform driver
[    0.684488] ehci-platform: EHCI generic platform driver
[    0.684863] ohci_hcd: USB 1.1 'Open' Host Controller (OHCI) Driver
[    0.684889] ohci-pci: OHCI PCI platform driver
[    0.684914] ohci-platform: OHCI generic platform driver
[    0.685640] usbcore: registered new interface driver usb-storage
[    0.685661] usbcore: registered new interface driver usb_ehset_test
[    0.686520] mousedev: PS/2 mouse device common for all mice
[    0.686631] [NVT-ts] nvt_driver_init 2127: start
[    0.686675] [NVT-ts] nvt_ts_probe 1543: start
[    0.686754] [NVT-ts] nvt_parse_dt 1082: novatek,irq-gpio=67
[    0.800533] [NVT-ts] nvt_ts_check_chip_ver_trim 1479: buf[1]=0x0A, buf[2]=0x00, buf[3]=0x00, buf[4]=0x72, buf[5]=0x66, buf[6]=0x03
[    0.800539] [NVT-ts] nvt_ts_check_chip_ver_trim 1505: This is NVT touch IC
[    0.871373] [NVT-ts] nvt_read_pid 578: PID=5A08
[    0.871719] input: NVTCapacitiveTouchScreen as /devices/virtual/input/input1
[    0.871787] [NVT-ts] nvt_ts_probe 1683: int_trigger_type=1
[    0.871838] [NVT-ts] nvt_ts_probe 1695: request irq 260 succeed
[    0.872258] [nvt-ito] nvt_test_node_init() - sysfs_create_group() succeeded.[nvt] nvt_tp_info_proc_init() Create proc entry success!
[    0.872424] [NVT-ts] nvt_flash_proc_init 794: Succeeded!
[    0.872429] [NVT-ts] nvt_flash_proc_init 797: ============================================================
[    0.872433] [NVT-ts] nvt_flash_proc_init 798: Create /proc/NVTflash
[    0.872437] [NVT-ts] nvt_flash_proc_init 799: ============================================================
[    0.872449] [NVT-ts] nvt_extra_proc_init 596: create proc/nvt_fw_version Succeeded!
[    0.872456] [NVT-ts] nvt_extra_proc_init 604: create proc/nvt_baseline Succeeded!
[    0.872463] [NVT-ts] nvt_extra_proc_init 612: create proc/nvt_raw Succeeded!
[    0.872474] [NVT-ts] nvt_extra_proc_init 620: create proc/nvt_diff Succeeded!
[    0.872500] [NVT-ts] nvt_mp_proc_init 2060: create /proc/nvt_selftest Succeeded!
[    0.872510] [NVT-ts] nvt_ts_probe 1781: end
[    0.872558] nvt_driver_init: finished
[    0.873360] [HXTP] himax_hx83112_init
[    0.873363] [HXTP] himax_hx83112_probe:Enter
[    0.873366] [HXTP] himax_hx83112_probe:1st alloc g_core_chip_dt 
[    0.873372] [HXTP] Himax common touch panel driver init
[    0.874094] [HXTP] himax_chip_common_probe:Enter 
[    0.874101] [HXTP] PDATA START
[    0.874103] [HXTP] ic_data START
[    0.874110] [HXTP]  DT-himax_parse_dt:panel-coords = 0, 1079, 0, 2279
[    0.874115] [HXTP]  DT-himax_parse_dt:display-coords = (1080, 2280)
[    0.874189] [HXTP]  DT:gpio_3v3_en value is not valid
[    0.874193] [HXTP]  DT:gpio_irq=67, gpio_rst=66, gpio_3v3_en=-2
[    0.874198] [HXTP]  DT:protocol_type=1
[    0.874202] [HXTP]  DT-No vk info in DT
[    0.874220] [HXTP][ERROR] unable to request gpio [67]
[    0.874225] [HXTP][ERROR] himax_chip_common_init:gpio config failed
[    0.874237] himax_tp: probe of 4-0048 failed with error -1
[    0.875417] [DBG][cdfinger]:  329: <cdfinger_parse_dts>enter
[    0.875667] input: cdfinger_input as /devices/virtual/input/input2
[    0.875938] focaltech_fp: 'ff_ctl_driver_init' enter.
[    0.876060] focaltech_fp: FocalTech fingerprint device control driver registered.
[    0.876064] focaltech_fp: 'ff_ctl_driver_init' leave.
[    0.876072] sx9310_init
[    0.876353] zch sar---in sx9310_probe
[    0.876585] i2c-msm-v2 c176000.i2c: NACK: slave not responding, ensure its powered: msgs(n:2 cur:0 tx) bc(rx:1 tx:1) mode:FIFO slv_addr:0x28 MSTR_STS:0x0d1300c8 OPER:0x00000010
[    0.876620] sx9310 2-0028: sx9310 failcode = 0x1
[    0.876701] stmvl53l0_init: Enter
[    0.876704] stmvl53l0_init_cci: Enter
[    0.877370] stmvl53l0_init_cci: End
[    0.877373] stmvl53l0_init: End
[    0.878207] qcom,qpnp-rtc 800f000.qcom,spmi:qcom,pm660@0:qcom,pm660_rtc: rtc core: registered qpnp_rtc as rtc0
[    0.878622] i2c /dev entries driver
[    0.879427] iommu: Adding device soc:qcom,cam_smmu:msm_cam_smmu_cb1 to group 10
[    0.879868] CAM-SMMU cam_smmu_populate_sids:2331 __debug cnt = 8, cb->name: :vfe sid [0] = 3072\x0a,
[    0.879873] CAM-SMMU cam_smmu_populate_sids:2331 __debug cnt = 8, cb->name: :vfe sid [1] = 3073\x0a,
[    0.879878] CAM-SMMU cam_smmu_populate_sids:2331 __debug cnt = 8, cb->name: :vfe sid [2] = 3074\x0a,
[    0.879881] CAM-SMMU cam_smmu_populate_sids:2331 __debug cnt = 8, cb->name: :vfe sid [3] = 3075\x0a,
[    0.880157] iommu: Adding device soc:qcom,cam_smmu:msm_cam_smmu_cb2 to group 11
[    0.880359] CAM-SMMU cam_smmu_populate_sids:2331 __debug cnt = 2, cb->name: :cpp sid [0] = 2560\x0a,
[    0.880485] iommu: Adding device soc:qcom,cam_smmu:msm_cam_smmu_cb4 to group 12
[    0.880588] CAM-SMMU cam_smmu_populate_sids:2331 __debug cnt = 2, cb->name: :jpeg_enc0 sid [0] = 2048\x0a,
[    0.880673] iommu: Adding device soc:qcom,cam_smmu:msm_cam_smmu_cb5 to group 13
[    0.880752] CAM-SMMU cam_smmu_populate_sids:2331 __debug cnt = 2, cb->name: :jpeg_dma sid [0] = 2049\x0a,
[    0.893829] msm_actuator_platform_probe:1987 msm_actuator_platform_probe: No/Error Actuator GPIOs
[    0.893882] msm_actuator_platform_probe:1987 msm_actuator_platform_probe: No/Error Actuator GPIOs
[    0.894560] msm_eeprom_platform_probe failed 1702
[    0.895024] msm_eeprom_platform_probe failed 1702
[    0.895691] msm_eeprom_platform_probe failed 1702
[    0.896501] msm_eeprom_platform_probe failed 1702
[    0.898112] msm_subflash_platform_probe:1318 [subflash]probe success
[    0.906528] MSM-CPP cpp_init_hardware:1140 CPP HW Version: 0x60010002
[    0.906539] MSM-CPP cpp_init_hardware:1158 stream_cnt:0
[    0.906762] MSM-CPP cpp_release_hardware:1221 cpp hw release done
[    0.907558] CAM-SOC msm_camera_get_reg_base:864 err: mem resource vfe_fuse not found
[    0.907562] CAM-SOC msm_camera_get_res_size:907 err: mem resource vfe_fuse not found
[    0.909114] CAM-SOC msm_camera_get_reg_base:864 err: mem resource vfe_fuse not found
[    0.909119] CAM-SOC msm_camera_get_res_size:907 err: mem resource vfe_fuse not found
[    0.916037] __msm_jpeg_init:1537] Jpeg Device id 0
[    0.922985] iommu: Adding device cc00000.qcom,vidc:non_secure_cb to group 14
[    0.925515] iommu: Adding device cc00000.qcom,vidc:firmware_cb to group 15
[    0.925663] iommu: Adding device cc00000.qcom,vidc:secure_bitstream_cb to group 16
[    0.927401] iommu: Adding device cc00000.qcom,vidc:secure_pixel_cb to group 17
[    0.928462] iommu: Adding device cc00000.qcom,vidc:secure_non_pixel_cb to group 18
[    0.931576] sde_smmu_callback: <SDEROT_INFO> sde_smmu_callback registered domain: 1
[    0.931581] sde_smmu_callback: <SDEROT_INFO> sde_smmu_callback registered domain: 0
[    0.932162] No change in context(0==0), skip
[    0.933170] sde_rotator_evtlog_create_debugfs: evtlog_status: enable:1, panic:1, dump:2
[    0.933197] sde_rotator c900000.qcom,mdss_rotator: <SDEROT_INFO> SDE v4l2 rotator probe success
[    0.933877] usbcore: registered new interface driver uvcvideo
[    0.933879] USB Video Class driver (1.1.1)
[    0.934893] smb1351_parallel_charger_probe: smb1351 parallel successfully probed.
[    0.935007] [BAT][CHG]enter smb2_probe
[    0.935009] [BAT][CHG]ADC_SW_EN=0,ADCPWREN_PMI_GP1=0
[    0.935098] [BAT][CHG]\x013[BAT][CHG]smb2_probe: Success to request ADC_SW_EN-gpios59 71
[    0.935129] [BAT][CHG]\x013[BAT][CHG]smb2_probe: Success to request ADCPWREN_PMI_GP1-gpios34 3
[    0.935131] [BAT][CHG]smb2_probe pull down gpio
[    0.935145] [BAT][CHG]\x013[BAT][CHG]ADCPWREN_PMI_GP1 init H/L 0
[    0.935173] qcom,qpnp-smb2 800f000.qcom,spmi:qcom,pm660@0:qcom,qpnp-smb2: get chg_alert vadc good rc = 0 
[    0.940112] smb1351_is_usb_present: USB psy not found
[    1.092953] sps: BAM device 0x000000000c144000 is not registered yet.
[    1.093195] sps:BAM 0x000000000c144000 is registered.
[    1.093374] sps:BAM 0x000000000c144000 (va:0xffffff8008de0000) enabled: ver:0x19, number of pipes:12
[    1.482109] thermal thermal_zone0: failed to read out thermal zone (-19)
[    1.482347] [BAT][CHG]smblib_usb_plugin_locked will enter micro_usb_mode
[    1.482352] [BAT][CHG]enter smblib_micro_usb_plugin vbus_rising=0
[    1.482372] [BAT][CHG]enter smblib_uusb_removal
[    1.482399] [BAT][CHG]smblib_uusb_removal gpio_is_valid gpio_ADC_SW_EN=71
[    1.482406] [BAT][CHG]smblib_uusb_removal: get USBSW_S gpio val 0
[    1.482413] [BAT][CHG]smblib_uusb_removal: get ADC_VH_EN gpio val 0
[    1.482420] [BAT][CHG]end smblib_uusb_removal
[    1.482423] [BAT][CHG]asus_smblib_relax: ASUS set smblib_relax
[    1.482519] [BAT][CHG]\x013PMI: smblib_check_ov_condition: Couldn't get current voltage, rc=-61
[    1.483152] [BAT][CHG]\x013PMI: smblib_get_prop_adapter_id: adapter ID=0
[    1.489035] [BAT][CHG]create proc entry driver/charger_limit_enable success
[    1.489042] [BAT][CHG]create proc entry driver/charger_limit success
[    1.489144] [BAT][CHG]enter1 smb2_probe HVDVP_reg=0x5d
[    1.489174] [BAT][CHG]enter1 smb2_probe HVDVP_reg=0x59
[    1.489187] [BAT][CHG]enter1 smb2_probe USBIN_AICL_reg=0xc4
[    1.489217] [BAT][CHG]enter2 smb2_probe USBIN_AICL_reg=0x44
[    1.489267] [BAT][CHG]\x013register_usb_alert Success to register switch usb_alert uevent
[    1.489303] [BAT][CHG]\x013register_usb_otg Success to register switch usb_otg uevent
[    1.489308] [BAT][CHG]\x016QPNP SMB2 probed successfully usb:present=0 type=0 batt:present = 1 health = 1 charge = 1
[    1.490324] [BAT][CHG]\x013PMI: smblib_get_prop_adapter_id: adapter ID=0
[    1.492703] qpnp_vadc_read: Error reading vadc_hc channel 78
[    1.492712] thermal thermal_zone1: failed to read out thermal zone (-517)
[    1.492872] qpnp_vadc_read: Error reading vadc_hc channel 79
[    1.492878] thermal thermal_zone2: failed to read out thermal zone (-517)
[    1.513963] msm_lmh_dcvs:lmh_activate_trip lmh_activate_trip: disable not supported
[    1.514902] msm_lmh_dcvs:lmh_activate_trip lmh_activate_trip: disable not supported
[    1.515333] md: linear personality registered for level -1
[    1.515459] device-mapper: uevent: version 1.0.3
[    1.515628] device-mapper: ioctl: 4.34.0-ioctl (2015-10-28) initialised: dm-<email omitted>
[    1.515739] device-mapper: req-crypt: dm-req-crypt successfully initalized.\x0a
[    1.516504] bt_power_populate_dt_pinfo: bt-reset-gpio not provided in device tree
[    1.516552] bt_dt_parse_vreg_info: qca,bt-vdd-io: is not provided in device tree
[    1.516557] bt_dt_parse_vreg_info: qca,bt-vdd-xtal: is not provided in device tree
[    1.517130] sdhci: Secure Digital Host Controller Interface driver
[    1.517134] sdhci: Copyright(c) Pierre Ossman
[    1.517140] sdhci-pltfm: SDHCI platform and OF driver helper
[    1.518718] qcom_ice_get_pdevice: found ice device ffffffea36f55a00
[    1.518722] qcom_ice_get_pdevice: matching platform device ffffffe9b508a000
[    1.521736] qcom_ice c0c8000.sdcc1ice: QC ICE 3.0.72 device found @0xffffff8008d60000
[    1.522294] sdhci_msm c0c4000.sdhci: No vmmc regulator found
[    1.522298] sdhci_msm c0c4000.sdhci: No vqmmc regulator found
[    1.522691] mmc0: SDHCI controller on c0c4000.sdhci [c0c4000.sdhci] using 64-bit ADMA in CMDQ mode
[    1.523011] usbcore: registered new interface driver usbhid
[    1.523016] usbhid: USB HID core driver
[    1.523078] ashmem: initialized
[    1.523614] qpnp_coincell_charger_show_state: enabled=Y, voltage=3200 mV, resistance=2100 ohm
[    1.611860] mmc0: Out-of-interrupt timeout is 50[ms]
[    1.611869] mmc0: eMMC FW version: 0xa2
[    1.611872] mmc0: CMDQ supported: depth: 32
[    1.611876] mmc0: cache barrier support 1 flush policy 1
[    1.619566] cmdq_host_alloc_tdl: desc_size: 1024 data_sz: 63488 slot-sz: 32
[    1.619787] mmc0: CMDQ enabled on card
[    1.619801] mmc0: new HS400 Enhanced strobe MMC card at address 0001
[    1.620575] sdhci_msm_pm_qos_cpu_init (): voted for group #0 (mask=0xf) latency=-1
[    1.620583] sdhci_msm_pm_qos_cpu_init (): voted for group #1 (mask=0xf0) latency=-1
[    1.620678] mmcblk0: mmc0:0001 HCG8a4 58.2 GiB 
[    1.620950] mmcblk0rpmb: mmc0:0001 HCG8a4 partition 3 4.00 MiB
[    1.622825] mmcblk0: p1 p2 p3 p4 p5 p6 p7 p8 p9 p10 p11 p12 p13 p14 p15 p16 p17 p18 p19 p20 p21 p22 p23 p24 p25 p26 p27 p28 p29 p30 p31 p32 p33 p34 p35 p36 p37 p38 p39 p40 p41 p42 p43 p44 p45 p46 p47 p48 p49 p50 p51 p52 p53 p54 p55 p56 p57 p58 p59 p60 p61 p62 p63 p64 p65 p66 p67
[    1.628850] sdhci_msm c084000.sdhci: sdhci_msm_probe: ICE device is not enabled
[    1.643392] sdhci_msm c084000.sdhci: No vmmc regulator found
[    1.643399] sdhci_msm c084000.sdhci: No vqmmc regulator found
[    1.643770] mmc1: SDHCI controller on c084000.sdhci [c084000.sdhci] using 64-bit ADMA in legacy mode
[    1.674008] bimc-bwmon 1008000.qcom,cpu-bwmon: BW HWmon governor registered.
[    1.674613] arm-memlat-mon soc:qcom,arm-memlat-mon-0: Memory Latency governor registered.
[    1.674648] arm-memlat-mon soc:qcom,arm-memlat-mon-4: Memory Latency governor registered.
[    1.676938] devfreq soc:qcom,cpubw: Couldn't update frequency transition information.
[    1.677019] devfreq soc:qcom,mincpubw: Couldn't update frequency transition information.
[    1.677090] devfreq soc:qcom,memlat-cpu0: Couldn't update frequency transition information.
[    1.677168] devfreq soc:qcom,memlat-cpu4: Couldn't update frequency transition information.
[    1.679446] hw perfevents: enabled with armv8_pmuv3 PMU driver, 7 counters available
[    1.679627] of_graph_get_next_endpoint(): no port node found in /soc/csr@6001000
[    1.679655] coresight-csr 6001000.csr: CSR initialized
[    1.679867] of_graph_get_next_endpoint(): no port node found in /soc/cti@6010000
[    1.679966] of_graph_get_next_endpoint(): no port node found in /soc/cti@6011000
[    1.680176] of_graph_get_next_endpoint(): no port node found in /soc/cti@6012000
[    1.680237] of_graph_get_next_endpoint(): no port node found in /soc/cti@6013000
[    1.680293] of_graph_get_next_endpoint(): no port node found in /soc/cti@6014000
[    1.680348] of_graph_get_next_endpoint(): no port node found in /soc/cti@6015000
[    1.680403] of_graph_get_next_endpoint(): no port node found in /soc/cti@6016000
[    1.680456] of_graph_get_next_endpoint(): no port node found in /soc/cti@6017000
[    1.680512] of_graph_get_next_endpoint(): no port node found in /soc/cti@6018000
[    1.680566] of_graph_get_next_endpoint(): no port node found in /soc/cti@6019000
[    1.680619] of_graph_get_next_endpoint(): no port node found in /soc/cti@601a000
[    1.680676] of_graph_get_next_endpoint(): no port node found in /soc/cti@601b000
[    1.680728] of_graph_get_next_endpoint(): no port node found in /soc/cti@601c000
[    1.680782] of_graph_get_next_endpoint(): no port node found in /soc/cti@601d000
[    1.680834] of_graph_get_next_endpoint(): no port node found in /soc/cti@601e000
[    1.680889] of_graph_get_next_endpoint(): no port node found in /soc/cti@601f000
[    1.680943] of_graph_get_next_endpoint(): no port node found in /soc/cti@7820000
[    1.680998] of_graph_get_next_endpoint(): no port node found in /soc/cti@7920000
[    1.681052] of_graph_get_next_endpoint(): no port node found in /soc/cti@7a20000
[    1.681109] of_graph_get_next_endpoint(): no port node found in /soc/cti@7b20000
[    1.681170] of_graph_get_next_endpoint(): no port node found in /soc/cti@7c20000
[    1.681231] of_graph_get_next_endpoint(): no port node found in /soc/cti@7d20000
[    1.681296] of_graph_get_next_endpoint(): no port node found in /soc/cti@7e20000
[    1.681357] of_graph_get_next_endpoint(): no port node found in /soc/cti@7f20000
[    1.681428] of_graph_get_next_endpoint(): no port node found in /soc/cti@7b80000
[    1.681483] of_graph_get_next_endpoint(): no port node found in /soc/cti@7bc1000
[    1.681534] of_graph_get_next_endpoint(): no port node found in /soc/cti@7b91000
[    1.681588] of_graph_get_next_endpoint(): no port node found in /soc/cti@7068000
[    1.681639] of_graph_get_next_endpoint(): no port node found in /soc/cti@71a4000
[    1.681695] of_graph_get_next_endpoint(): no port node found in /soc/cti@71a5000
[    1.681747] of_graph_get_next_endpoint(): no port node found in /soc/cti@71a6000
[    1.681801] of_graph_get_next_endpoint(): no port node found in /soc/cti@7188000
[    1.681855] of_graph_get_next_endpoint(): no port node found in /soc/cti@7121000
[    1.681909] of_graph_get_next_endpoint(): no port node found in /soc/cti@7048000
[    1.681965] of_graph_get_next_endpoint(): no port node found in /soc/cti@7041000
[    1.682475] sps:BAM 0x0000000006064000 is registered.
[    1.682579] coresight-tmc 6048000.tmc: TMC initialized
[    1.682837] coresight-tmc 6047000.tmc: TMC initialized
[    1.683011] coresight-funnel 6045000.funnel: FUNNEL initialized
[    1.683163] coresight-funnel 6041000.funnel: FUNNEL initialized
[    1.683308] coresight-funnel 6042000.funnel: FUNNEL initialized
[    1.683456] coresight-funnel 7b70000.funnel: FUNNEL initialized
[    1.683606] coresight-funnel 7b60000.funnel: FUNNEL initialized
[    1.683753] coresight-funnel 6005000.funnel: FUNNEL initialized
[    1.683921] coresight-funnel 71c3000.funnel: FUNNEL initialized
[    1.684406] coresight-replicator-qcom 6046000.replicator: REPLICATOR 1.0 initialized
[    1.684533] coresight-stm: probe of 6002000.stm failed with error -1
[    1.687457] of_graph_get_next_endpoint(): no port node found in /soc/qpdi@1fc1000
[    1.687468] coresight-qpdi 1fc1000.qpdi: QPDI hotplug card detection is not supported
[    1.687617] coresight-qpdi 1fc1000.qpdi: CoreSight QPDI driver initialized
[    1.687920] of_graph_get_next_endpoint(): no port node found in /soc/hwevent@158000
[    1.688012] coresight-hwevent 158000.hwevent: Hardware Event driver initialized
[    1.689217] stk3x3x_probe: driver version = 3.11.0
[    1.689223] stk3x3x_probe: probe with device tree
[    1.689362] [stk3x3x ]  psensor pinctrl set  state sucess!
[    1.690046] stk3x3x_power_ctl: enable stk3x3x power
[    1.710470] stk3x3x_check_pid: PID=0x51, RID=0x0, 0x90=0xe0
[    1.710537] input: stk3x3x-light as /devices/virtual/input/input3
[    1.710608] input: stk3x3x-proximity as /devices/virtual/input/input4
[    1.710687] zch---in sensors_classdev_register
[    1.710723] zch---sensors_classdev_register Registered sensors device: stk3x3x-light
[    1.710726] zch---in sensors_classdev_register
[    1.710756] zch---sensors_classdev_register Registered sensors device: stk3x3x-proximity
[    1.710783] stk3x3x_power_ctl: disable stk3x3x power
[    1.710785] stk3x3x_probe: probe successfully
[    1.710884] usbcore: registered new interface driver snd-usb-audio
[    1.713279] aw87339_pa_init Enter
[    1.714225] tfa98xx_i2c_init(): TFA98XX driver version 
[    1.714306] tfa98xx_i2c_probe(): addr=0x34
[    1.714341] tfa98xx 6-0034: No reset GPIO provided, will not HW reset device
[    1.714345] tfa98xx 6-0034: No IRQ GPIO provided.
[    1.714593] tfa98xx_i2c_probe(): TFA9874 detected
[    1.714609] tfa98xx 6-0034: Skipping IRQ registration
[    1.714637] tfa98xx_i2c_probe(): tfa98xx_i2c_probe Probe completed successfully!
[    1.714738] pmic_analog_codec 800f000.qcom,spmi:qcom,pm660l@3:analog-codec@f000: Adsp is not loaded yet 0
[    1.723197] msm-dai-tdm soc:qcom,msm-dai-tdm-pri-rx: msm_dai_tdm_q6_probe: dev_name: soc:qcom,msm-dai-tdm-pri-rx group_id: 0x9100
[    1.723391] msm-dai-q6-tdm soc:qcom,msm-dai-tdm-pri-rx:qcom,msm-dai-q6-tdm-pri-rx-0: msm_dai_q6_tdm_dev_probe: dev_name: soc:qcom,msm-dai-tdm-pri-rx:qcom,msm-dai-q6-tdm-pri-rx-0 dev_id: 0x9000
[    1.723398] msm-dai-q6-tdm soc:qcom,msm-dai-tdm-pri-rx:qcom,msm-dai-q6-tdm-pri-rx-0: msm_dai_q6_tdm_dev_probe: Custom tdm header not supported
[    1.723417] msm-dai-tdm soc:qcom,msm-dai-tdm-pri-tx: msm_dai_tdm_q6_probe: dev_name: soc:qcom,msm-dai-tdm-pri-tx group_id: 0x9101
[    1.723556] msm-dai-q6-tdm soc:qcom,msm-dai-tdm-pri-tx:qcom,msm-dai-q6-tdm-pri-tx-0: msm_dai_q6_tdm_dev_probe: dev_name: soc:qcom,msm-dai-tdm-pri-tx:qcom,msm-dai-q6-tdm-pri-tx-0 dev_id: 0x9001
[    1.723563] msm-dai-q6-tdm soc:qcom,msm-dai-tdm-pri-tx:qcom,msm-dai-q6-tdm-pri-tx-0: msm_dai_q6_tdm_dev_probe: Custom tdm header not supported
[    1.723581] msm-dai-tdm soc:qcom,msm-dai-tdm-sec-rx: msm_dai_tdm_q6_probe: dev_name: soc:qcom,msm-dai-tdm-sec-rx group_id: 0x9110
[    1.723710] msm-dai-q6-tdm soc:qcom,msm-dai-tdm-sec-rx:qcom,msm-dai-q6-tdm-sec-rx-0: msm_dai_q6_tdm_dev_probe: dev_name: soc:qcom,msm-dai-tdm-sec-rx:qcom,msm-dai-q6-tdm-sec-rx-0 dev_id: 0x9010
[    1.723717] msm-dai-q6-tdm soc:qcom,msm-dai-tdm-sec-rx:qcom,msm-dai-q6-tdm-sec-rx-0: msm_dai_q6_tdm_dev_probe: Custom tdm header not supported
[    1.723733] msm-dai-tdm soc:qcom,msm-dai-tdm-sec-tx: msm_dai_tdm_q6_probe: dev_name: soc:qcom,msm-dai-tdm-sec-tx group_id: 0x9111
[    1.723857] msm-dai-q6-tdm soc:qcom,msm-dai-tdm-sec-tx:qcom,msm-dai-q6-tdm-sec-tx-0: msm_dai_q6_tdm_dev_probe: dev_name: soc:qcom,msm-dai-tdm-sec-tx:qcom,msm-dai-q6-tdm-sec-tx-0 dev_id: 0x9011
[    1.723864] msm-dai-q6-tdm soc:qcom,msm-dai-tdm-sec-tx:qcom,msm-dai-q6-tdm-sec-tx-0: msm_dai_q6_tdm_dev_probe: Custom tdm header not supported
[    1.723880] msm-dai-tdm soc:qcom,msm-dai-tdm-tert-rx: msm_dai_tdm_q6_probe: dev_name: soc:qcom,msm-dai-tdm-tert-rx group_id: 0x9120
[    1.724006] msm-dai-q6-tdm soc:qcom,msm-dai-tdm-tert-rx:qcom,msm-dai-q6-tdm-tert-rx-0: msm_dai_q6_tdm_dev_probe: dev_name: soc:qcom,msm-dai-tdm-tert-rx:qcom,msm-dai-q6-tdm-tert-rx-0 dev_id: 0x9020
[    1.724013] msm-dai-q6-tdm soc:qcom,msm-dai-tdm-tert-rx:qcom,msm-dai-q6-tdm-tert-rx-0: msm_dai_q6_tdm_dev_probe: Custom tdm header not supported
[    1.724030] msm-dai-tdm soc:qcom,msm-dai-tdm-tert-tx: msm_dai_tdm_q6_probe: dev_name: soc:qcom,msm-dai-tdm-tert-tx group_id: 0x9121
[    1.724153] msm-dai-q6-tdm soc:qcom,msm-dai-tdm-tert-tx:qcom,msm-dai-q6-tdm-tert-tx-0: msm_dai_q6_tdm_dev_probe: dev_name: soc:qcom,msm-dai-tdm-tert-tx:qcom,msm-dai-q6-tdm-tert-tx-0 dev_id: 0x9021
[    1.724160] msm-dai-q6-tdm soc:qcom,msm-dai-tdm-tert-tx:qcom,msm-dai-q6-tdm-tert-tx-0: msm_dai_q6_tdm_dev_probe: Custom tdm header not supported
[    1.724175] msm-dai-tdm soc:qcom,msm-dai-tdm-quat-rx: msm_dai_tdm_q6_probe: dev_name: soc:qcom,msm-dai-tdm-quat-rx group_id: 0x9130
[    1.724299] msm-dai-q6-tdm soc:qcom,msm-dai-tdm-quat-rx:qcom,msm-dai-q6-tdm-quat-rx-0: msm_dai_q6_tdm_dev_probe: dev_name: soc:qcom,msm-dai-tdm-quat-rx:qcom,msm-dai-q6-tdm-quat-rx-0 dev_id: 0x9030
[    1.724306] msm-dai-q6-tdm soc:qcom,msm-dai-tdm-quat-rx:qcom,msm-dai-q6-tdm-quat-rx-0: msm_dai_q6_tdm_dev_probe: Custom tdm header not supported
[    1.724321] msm-dai-tdm soc:qcom,msm-dai-tdm-quat-tx: msm_dai_tdm_q6_probe: dev_name: soc:qcom,msm-dai-tdm-quat-tx group_id: 0x9131
[    1.724444] msm-dai-q6-tdm soc:qcom,msm-dai-tdm-quat-tx:qcom,msm-dai-q6-tdm-quat-tx-0: msm_dai_q6_tdm_dev_probe: dev_name: soc:qcom,msm-dai-tdm-quat-tx:qcom,msm-dai-q6-tdm-quat-tx-0 dev_id: 0x9031
[    1.724451] msm-dai-q6-tdm soc:qcom,msm-dai-tdm-quat-tx:qcom,msm-dai-q6-tdm-quat-tx-0: msm_dai_q6_tdm_dev_probe: Custom tdm header not supported
[    1.729985] sdm660-asoc-snd soc:sound: test card fail reason start 3087
[    1.730004] sdm660-asoc-snd soc:sound: msm_internal_init: default codec configured
[    1.730456] /soc/sound: could not get #gpio-cells for /soc/msm_cdc_pinctrl@75
[    1.736307] sdm660-asoc-snd soc:sound: ASoC: platform (null) not registered
[    1.736313] sdm660-asoc-snd soc:sound: snd_soc_register_card failed:(-517)
[    1.736578] GACT probability NOT on
[    1.736589] Mirror/redirect action on
[    1.736607] u32 classifier
[    1.736609] Actions configured
[    1.736630] Netfilter messages via NETLINK v0.30.
[    1.736656] nf_conntrack version 0.5.0 (16384 buckets, 65536 max)
[    1.736857] ctnetlink v0.93: registering with nfnetlink.
[    1.737143] xt_time: kernel timezone is -0000
[    1.737201] IPv4 over IPsec tunneling driver
[    1.737440] ip_tables: (C) 2000-2006 Netfilter Core Team
[    1.737572] arp_tables: (C) 2002 David S. Miller
[    1.737598] Initializing XFRM netlink socket
[    1.737765] NET: Registered protocol family 10
[    1.738316] mip6: Mobile IPv6
[    1.738326] ip6_tables: (C) 2000-2006 Netfilter Core Team
[    1.738426] sit: IPv6 over IPv4 tunneling driver
[    1.738635] NET: Registered protocol family 17
[    1.738646] NET: Registered protocol family 15
[    1.738669] bridge: automatic filtering via arp/ip/ip6tables has been deprecated. Update your scripts to load br_netfilter if you need this.
[    1.738675] Ebtables v2.0 registered
[    1.738740] l2tp_core: L2TP core driver, V2.0
[    1.738748] l2tp_ppp: PPPoL2TP kernel driver, V2.0
[    1.738752] l2tp_ip: L2TP IP encapsulation support (L2TPv3)
[    1.738764] l2tp_netlink: L2TP netlink interface
[    1.738782] l2tp_eth: L2TP ethernet pseudowire support (L2TPv3)
[    1.738786] l2tp_ip6: L2TP IP encapsulation support for IPv6 (L2TPv3)
[    1.739294] NET: Registered protocol family 27
[    1.743813] mdss_dp_usbpd_setup: get_usbpd phandle failed (-19)
[    1.743820] mdss_dp_probe: Error usbpd setup!
[    1.744701] subsys-pil-tz 15700000.qcom,lpass: for adsp segments only will be dumped.
[    1.746391] subsys-pil-tz 1a300000.qcom,turing: for cdsp segments only will be dumped.
[    1.747184] pil-q6v5-mss 4080000.qcom,mss: No pas_id found.
[    1.747872] platform 4080000.qcom,mss:qcom,mba-mem@0: assigned reserved memory node pil_mba_region@94800000
[    1.752593] sps:BAM 0x000000000a904000 is registered.enter fg_parse_dt :HW jeita cold:0,cool:5,warm:45,hot:50
[    1.756381] msm-dwc3 a800000.ssusb: DWC3 exited from low power mode
[    1.756670] msm-dwc3 a800000.ssusb: DWC3 in low power mode
[    1.760414] thermal thermal_zone24: failed to read out thermal zone (-19)
[    1.762749] FG: fg_gen3_probe: battery SOC:89 voltage: 4116200uV temp: 380 id: 0KOhms
[    1.763825] pmic_analog_codec 800f000.qcom,spmi:qcom,pm660l@3:analog-codec@f000: Adsp is not loaded yet 0
[    1.764398] sdm660-asoc-snd soc:sound: test card fail reason start 3087
[    1.764424] sdm660-asoc-snd soc:sound: msm_internal_init: default codec configured
[    1.765139] /soc/sound: could not get #gpio-cells for /soc/msm_cdc_pinctrl@75
[    1.770230] FG: fg_psy_get_property: unsupported property 4
[    1.771561] status_change_work chip->charge_done=0
[    1.772230] FG: fg_get_time_to_full_locked: battery profile is not loaded
[    1.772902] sdm660-asoc-snd soc:sound: ASoC: platform (null) not registered
[    1.772908] sdm660-asoc-snd soc:sound: snd_soc_register_card failed:(-517)
[    1.773249] mdss_dp_usbpd_setup: get_usbpd phandle failed (-19)
[    1.773252] mdss_dp_probe: Error usbpd setup!
[    1.773542] enter fg_charge_full_update recharge_soc=250
[    1.773849] enter fg_charge_full_update  msoc_raw=228
[    1.773854] enter fg_charge_full_update msoc: 89 bsoc: e16d
[    1.774007] Registered cp15_barrier emulation handler
[    1.774023] Registered setend emulation handler
[    1.774072] core_ctl: Creating CPU group 0
[    1.774075] core_ctl: Init CPU0 state
[    1.774077] core_ctl: Init CPU1 state
[    1.774078] core_ctl: Init CPU2 state
[    1.774080] core_ctl: Init CPU3 state
[    1.774178] core_ctl: Creating CPU group 4
[    1.774180] core_ctl: Init CPU4 state
[    1.774182] core_ctl: Init CPU5 state
[    1.774184] core_ctl: Init CPU6 state
[    1.774185] core_ctl: Init CPU7 state
[    1.774431] registered taskstats version 1
[    1.775660] Key type encrypted registered
[    1.776900] spss_utils [spss_init]: spss-utils driver Ver 1.2 13-Jan-2017.
[    1.778002] scm_call failed: func id 0x42001601, ret: -2, syscall returns: 0x0, 0x0, 0x0
[    1.778256] fastrpc soc:qcom,msm-adsprpc-mem: for adsp_rh segments only will be dumped.
[    1.778301] ADSPRPC: gcinfo[0].heap_vmid 33
[    1.778421] iommu: Adding device soc:qcom,msm_fastrpc:qcom,msm_fastrpc_compute_cb1 to group 19
[    1.779092] iommu: Adding device soc:qcom,msm_fastrpc:qcom,msm_fastrpc_compute_cb2 to group 20
[    1.779666] iommu: Adding device soc:qcom,msm_fastrpc:qcom,msm_fastrpc_compute_cb3 to group 21
[    1.780233] iommu: Adding device soc:qcom,msm_fastrpc:qcom,msm_fastrpc_compute_cb4 to group 22
[    1.780796] iommu: Adding device soc:qcom,msm_fastrpc:qcom,msm_fastrpc_compute_cb5 to group 23
[    1.782019] iommu: Adding device soc:qcom,msm_fastrpc:qcom,msm_fastrpc_compute_cb6 to group 24
[    1.782574] iommu: Adding device soc:qcom,msm_fastrpc:qcom,msm_fastrpc_compute_cb7 to group 25
[    1.783114] iommu: Adding device soc:qcom,msm_fastrpc:qcom,msm_fastrpc_compute_cb8 to group 26
[    1.783655] iommu: Adding device soc:qcom,msm_fastrpc:qcom,msm_fastrpc_compute_cb9 to group 27
[    1.784195] iommu: Adding device soc:qcom,msm_fastrpc:qcom,msm_fastrpc_compute_cb10 to group 28
[    1.784727] iommu: Adding device soc:qcom,msm_fastrpc:qcom,msm_fastrpc_compute_cb11 to group 29
[    1.785252] iommu: Adding device soc:qcom,msm_fastrpc:qcom,msm_fastrpc_compute_cb12 to group 30
[    1.785784] iommu: Adding device soc:qcom,msm_fastrpc:qcom,msm_fastrpc_compute_cb13 to group 31
[    1.787138] pmic_analog_codec 800f000.qcom,spmi:qcom,pm660l@3:analog-codec@f000: Adsp is not loaded yet 0
[    1.787697] sdm660-asoc-snd soc:sound: test card fail reason start 3087
[    1.787722] sdm660-asoc-snd soc:sound: msm_internal_init: default codec configured
[    1.788215] /soc/sound: could not get #gpio-cells for /soc/msm_cdc_pinctrl@75
[    1.797333] sdm660-asoc-snd soc:sound: ASoC: platform (null) not registered
[    1.797340] sdm660-asoc-snd soc:sound: snd_soc_register_card failed:(-517)
[    1.797811] mdss_dp_usbpd_setup: get_usbpd phandle failed (-19)
[    1.797814] mdss_dp_probe: Error usbpd setup!
[    1.799007] pmic_analog_codec 800f000.qcom,spmi:qcom,pm660l@3:analog-codec@f000: Adsp is not loaded yet 0
[    1.799288] RNDIS_IPA module is loaded.
[    1.800138] sdm660-asoc-snd soc:sound: test card fail reason start 3087
[    1.800184] sdm660-asoc-snd soc:sound: msm_internal_init: default codec configured
[    1.800450] /soc/sound: could not get #gpio-cells for /soc/msm_cdc_pinctrl@75
[    1.800654] input: gpio-keys as /devices/soc/soc:gpio_keys/input/input5
[    1.802269] qcom,qpnp-rtc 800f000.qcom,spmi:qcom,pm660@0:qcom,pm660_rtc: setting system clock to 1970-08-28 18:03:16 UTC (20714596)
[    1.806626] sdm660-asoc-snd soc:sound: ASoC: platform (null) not registered
[    1.806631] sdm660-asoc-snd soc:sound: snd_soc_register_card failed:(-517)
[    1.807206] mdss_dp_usbpd_setup: get_usbpd phandle failed (-19)
[    1.807209] mdss_dp_probe: Error usbpd setup!
[    1.807519] msm-core initialized without polling period
[    1.807607] pmic_analog_codec 800f000.qcom,spmi:qcom,pm660l@3:analog-codec@f000: Adsp is not loaded yet 0
[    1.808076] sdm660-asoc-snd soc:sound: test card fail reason start 3087
[    1.808092] sdm660-asoc-snd soc:sound: msm_internal_init: default codec configured
[    1.808378] /soc/sound: could not get #gpio-cells for /soc/msm_cdc_pinctrl@75
[    1.814510] sdm660-asoc-snd soc:sound: ASoC: platform (null) not registered
[    1.814517] sdm660-asoc-snd soc:sound: snd_soc_register_card failed:(-517)
[    1.814857] mdss_dp_usbpd_setup: get_usbpd phandle failed (-19)
[    1.814860] mdss_dp_probe: Error usbpd setup!
[    1.815308] pmic_analog_codec 800f000.qcom,spmi:qcom,pm660l@3:analog-codec@f000: Adsp is not loaded yet 0
[    1.815713] sdm660-asoc-snd soc:sound: test card fail reason start 3087
[    1.815730] sdm660-asoc-snd soc:sound: msm_internal_init: default codec configured
[    1.816042] /soc/sound: could not get #gpio-cells for /soc/msm_cdc_pinctrl@75
[    1.819816] lmh_lite:lmh_parse_sensor Registering sensor:[GLM_soc]
[    1.820064] lmh_lite:lmh_parse_sensor Registering sensor:[LLM_cp1-]
[    1.820191] lmh_lite:lmh_parse_sensor Registering sensor:[LLM_cp0-]
[    1.820397] soc:qcom,lmh supply vdd-apss not found, using dummy regulator
[    1.820430] lmh_lite:lmh_get_sensor_devicetree Error getting ODCM thresh. err:-22
[    1.822324] sdm660-asoc-snd soc:sound: ASoC: platform (null) not registered
[    1.822331] sdm660-asoc-snd soc:sound: snd_soc_register_card failed:(-517)
[    1.822758] mdss_dp_usbpd_setup: get_usbpd phandle failed (-19)
[    1.822761] mdss_dp_probe: Error usbpd setup!
[    1.823240] pmic_analog_codec 800f000.qcom,spmi:qcom,pm660l@3:analog-codec@f000: Adsp is not loaded yet 0
[    1.823439] calculate_residency: residency < 0 for LPM
[    1.823444] parse_cpu_levels: idx 1 172
[    1.823446] parse_cpu_levels: idx 2 1181
[    1.823448] parse_cpu_levels: idx 2 2009
[    1.823453] calculate_residency: residency < 0 for LPM
[    1.823564] parse_cpu_levels: idx 1 191
[    1.823565] parse_cpu_levels: idx 2 1109
[    1.823567] parse_cpu_levels: idx 2 2410
[    1.823570] calculate_residency: residency < 0 for LPM
[    1.823671] sdm660-asoc-snd soc:sound: test card fail reason start 3087
[    1.823688] sdm660-asoc-snd soc:sound: msm_internal_init: default codec configured
[    1.824054] /soc/sound: could not get #gpio-cells for /soc/msm_cdc_pinctrl@75
[    1.830228] sdm660-asoc-snd soc:sound: ASoC: platform (null) not registered
[    1.830235] sdm660-asoc-snd soc:sound: snd_soc_register_card failed:(-517)
[    1.830629] mdss_dp_usbpd_setup: get_usbpd phandle failed (-19)
[    1.830632] mdss_dp_probe: Error usbpd setup!
[    1.831066] pmic_analog_codec 800f000.qcom,spmi:qcom,pm660l@3:analog-codec@f000: Adsp is not loaded yet 0
[    1.831412] sdm660-asoc-snd soc:sound: test card fail reason start 3087
[    1.831429] sdm660-asoc-snd soc:sound: msm_internal_init: default codec configured
[    1.831755] /soc/sound: could not get #gpio-cells for /soc/msm_cdc_pinctrl@75
[    1.837009] ipa-wan ipa_wwan_init:3271 Registering for q6_cleanup_cb
[    1.837017] ipa register_ipa_platform_cb:2205 In register_ipa_platform_cb
[    1.837020] ipa register_ipa_platform_cb:2208 reg q6_cleanup_cb
[    1.837896] sdm660-asoc-snd soc:sound: ASoC: platform (null) not registered
[    1.837901] sdm660-asoc-snd soc:sound: snd_soc_register_card failed:(-517)
[    1.837928] rmnet_ipa started initialization
[    1.837932] IPA SSR support = True
[    1.837934] IPA ipa-loaduC = True
[    1.837936] IPA SG support = True
[    1.837937] IPA Napi Enable = False
[    1.837940] using default for wan-rx-desc-size = 1024
[    1.838244] mdss_dp_usbpd_setup: get_usbpd phandle failed (-19)
[    1.838247] mdss_dp_probe: Error usbpd setup!
[    1.838643] pmic_analog_codec 800f000.qcom,spmi:qcom,pm660l@3:analog-codec@f000: Adsp is not loaded yet 0
[    1.838984] sdm660-asoc-snd soc:sound: test card fail reason start 3087
[    1.839001] sdm660-asoc-snd soc:sound: msm_internal_init: default codec configured
[    1.839356] /soc/sound: could not get #gpio-cells for /soc/msm_cdc_pinctrl@75
[    1.839702] ipa ipa_sps_irq_control_all:963 EP (5) not allocated.
[    1.839709] ipa ipa2_uc_state_check:301 uC is not loaded
[    1.840569] rmnet_ipa completed initialization
[    1.845383] sdm660-asoc-snd soc:sound: ASoC: platform (null) not registered
[    1.845390] sdm660-asoc-snd soc:sound: snd_soc_register_card failed:(-517)
[    1.845779] mdss_dp_usbpd_setup: get_usbpd phandle failed (-19)
[    1.845782] mdss_dp_probe: Error usbpd setup!
[    1.846279] pmic_analog_codec 800f000.qcom,spmi:qcom,pm660l@3:analog-codec@f000: Adsp is not loaded yet 0
[    1.846616] sdm660-asoc-snd soc:sound: test card fail reason start 3087
[    1.846631] sdm660-asoc-snd soc:sound: msm_internal_init: default codec configured
[    1.846988] /soc/sound: could not get #gpio-cells for /soc/msm_cdc_pinctrl@75
[    1.852880] sdm660-asoc-snd soc:sound: ASoC: platform (null) not registered
[    1.852887] sdm660-asoc-snd soc:sound: snd_soc_register_card failed:(-517)
[    1.853851] gfx_mem_acc_corner: disabling
[    1.853858] apc0_pwrcl_corner: disabling
[    1.853861] apc1_perfcl_corner: disabling
[    1.853864] cam_vadd_gpio_regulator: disabling
[    1.853866] cam_vaf_gpio_regulator: disabling
[    1.853869] cam_rear_dvdd_gpio_regulator: disabling
[    1.853871] cam_f_avdd_gpio_regulator: disabling
[    1.853876] gdsc_ufs: disabling
[    1.853890] gdsc_venus: disabling
[    1.853917] regulator_proxy_consumer_remove_all: removing regulator proxy consumer requests
[    1.856044] ALSA device list:
[    1.856048] No soundcards found.
[    1.856111] Warning: unable to open an initial console.
[    1.859998] Freeing unused kernel memory: 10240K
[    1.870733] EXT4-fs (mmcblk0p13): mounted filesystem without journal. Opts: (null)
[    1.873142] EXT4-fs (mmcblk0p14): mounted filesystem without journal. Opts: (null)
[    1.940609] [BAT][CHG]\x013PMI: smblib_get_prop_adapter_id: adapter ID=0
[    2.150651] of_batterydata_get_best_profile: 3292665_huaqin_ql1626cos_5000mah_averaged_masterslave_jan8th2018 found
[    2.150717] FG: fg_get_batt_profile: battery fastchg current unavailable, rc:-22
[    2.150721] enter fg_get_batt_profile chip->bp.vbatt_full_mv=4340
[    2.155650] enter  fg_set_constant_chg_voltage volt_uv=4340000
[    2.609700] init: init first stage started!
[    2.609797] init: Using Android DT directory /proc/device-tree/firmware/android/
[    2.610533] init: [libfs_mgr]fs_mgr_read_fstab_default(): failed to find device default fstab
[    2.680940] [BAT][CHG]\x013PMI: smblib_get_prop_adapter_id: adapter ID=0
[    2.699477] EXT4-fs (mmcblk0p13): mounted filesystem without journal. Opts: barrier=1,discard
[    2.699529] init: [libfs_mgr]__mount(source=/dev/block/platform/soc/c0c4000.sdhci/by-name/system,target=/system,type=ext4)=0: Success
[    2.702012] EXT4-fs (mmcblk0p14): mounted filesystem without journal. Opts: barrier=1,discard
[    2.702030] init: [libfs_mgr]__mount(source=/dev/block/platform/soc/c0c4000.sdhci/by-name/vendor,target=/vendor,type=ext4)=0: Success
[    2.702120] init: Skipped setting INIT_AVB_VERSION (not in recovery mode)
[    2.702205] init: Loading SELinux policy
[    2.706703] SELinux: 65536 avtab hash slots, 276034 rules.
[    2.760706] SELinux: 65536 avtab hash slots, 276034 rules.
[    2.760722] SELinux:  1 users, 4 roles, 2242 types, 0 bools, 1 sens, 1024 cats
[    2.760726] SELinux:  93 classes, 276034 rules
[    2.762248] SELinux:  Completing initialization.
[    2.762251] SELinux:  Setting up existing superblocks.
[    2.810566] audit: type=1403 audit(20714597.499:2): policy loaded auid=4294967295 ses=4294967295
[    2.811459] selinux: SELinux: Loaded policy from /sepolicy\x0a
[    2.824811] selinux: SELinux: Loaded file_contexts\x0a
[    2.825452] audit: type=1400 audit(20714597.509:3): avc:  denied  { noatsecure } for  pid=1 comm="init" scontext=u:r:kernel:s0 tcontext=u:r:init:s0 tclass=process permissive=1
[    2.827073] init: init second stage started!
[    2.840349] init: Using Android DT directory /proc/device-tree/firmware/android/
[    2.843767] selinux: SELinux: Loaded file_contexts\x0a
[    2.843788] init: Running restorecon...
[    2.850993] init: waitid failed: No child processes
[    2.852443] init: Couldn't load property file '/odm/default.prop': open() failed: No such file or directory: No such file or directory
[    2.854352] init: Created socket '/dev/socket/property_service', mode 666, user 0, group 0
[    2.854742] init: Forked subcontext for 'u:r:vendor_init:s0' with pid 533
[    2.855009] init: Forked subcontext for 'u:r:vendor_init:s0' with pid 534
[    2.855083] init: Parsing file /init.rc...
[    2.855355] init: Added '/init.environ.rc' to import list
[    2.855364] init: Added '/init.usb.rc' to import list
[    2.855374] init: Added '/init.qcom.rc' to import list
[    2.855383] init: Added '/vendor/etc/init/hw/init.qcom.rc' to import list
[    2.855388] init: Added '/init.usb.configfs.rc' to import list
[    2.855398] init: Added '/init.zygote64_32.rc' to import list
[    2.855629] audit: type=1400 audit(20714597.539:4): avc:  denied  { noatsecure } for  pid=533 comm="init" scontext=u:r:init:s0 tcontext=u:r:vendor_init:s0 tclass=process permissive=1
[    2.855631] audit: audit_lost=1 audit_rate_limit=0 audit_backlog_limit=64
[    2.855635] audit: printk limit exceeded
[    2.856056] init: Parsing file /init.environ.rc...
[    2.856111] init: Parsing file /init.usb.rc...
[    2.856323] init: Parsing file /init.qcom.rc...
[    2.856339] init: Unable to read config file '/init.qcom.rc': open() failed: No such file or directory
[    2.856347] init: /init.rc: 9: Could not import file '/init.qcom.rc': No such file or directory
[    2.856970] init: Parsing file /vendor/etc/init/hw/init.qcom.rc...
[    2.858120] init: Added '/vendor/etc/init/hw/init.qcom.usb.rc' to import list
[    2.858129] init: Added '/vendor/etc/init/hw/init.msm.usb.configfs.rc' to import list
[    2.858136] init: Added '/vendor/etc/init/hw/init.target.rc' to import list
[    2.858143] init: Added '/vendor/etc/init/hw/init.qcom.factory.rc' to import list
[    2.858150] init: Added '/vendor/etc/init/hw/init.qcom.test.rc' to import list
[    2.858214] init: /vendor/etc/init/hw/init.qcom.rc: 82: Invalid keyword 'chgrp'
[    2.858225] init: /vendor/etc/init/hw/init.qcom.rc: 85: Invalid keyword 'chgrp'
[    2.858326] init: /vendor/etc/init/hw/init.qcom.rc: 214: chown requires between 2 and 3 arguments
[    2.858337] init: /vendor/etc/init/hw/init.qcom.rc: 215: chmod requires 2 arguments
[    2.858348] init: /vendor/etc/init/hw/init.qcom.rc: 218: chown requires between 2 and 3 arguments
[    2.858358] init: /vendor/etc/init/hw/init.qcom.rc: 219: chmod requires 2 arguments
[    2.859077] init: /vendor/etc/init/hw/init.qcom.rc: 713: Unable to decode GID for 'net_bt_stack': getpwnam failed: No such file or directory
[    2.860740] init: Parsing file /vendor/etc/init/hw/init.qcom.usb.rc...
[    2.864989] init: Parsing file /vendor/etc/init/hw/init.msm.usb.configfs.rc...
[    2.867408] init: Parsing file /vendor/etc/init/hw/init.target.rc...
[    2.868523] init: Parsing file /vendor/etc/init/hw/init.qcom.factory.rc...
[    2.869334] init: Parsing file /vendor/etc/init/hw/init.qcom.test.rc...
[    2.869352] init: Unable to read config file '/vendor/etc/init/hw/init.qcom.test.rc': open() failed: No such file or directory
[    2.869365] init: /init.rc: 32: Could not import file '/vendor/etc/init/hw/init.qcom.test.rc': No such file or directory
[    2.869380] init: Parsing file /init.usb.configfs.rc...
[    2.869640] init: Parsing file /init.zygote64_32.rc...
[    2.869767] init: Parsing directory /system/etc/init...
[    2.870239] init: Parsing file /system/etc/init/<email omitted>...
[    2.870498] init: Parsing file /system/etc/init/atrace.rc...
[    2.870962] init: Parsing file /system/etc/init/atrace_userdebug.rc...
[    2.871244] init: Parsing file /system/etc/init/audioserver.rc...
[    2.871532] init: Parsing file /system/etc/init/blank_screen.rc...
[    2.871775] init: Parsing file /system/etc/init/bootanim.rc...
[    2.872065] init: Parsing file /system/etc/init/bootstat-debug.rc...
[    2.872313] init: Parsing file /system/etc/init/bootstat.rc...
[    2.872592] init: Parsing file /system/etc/init/cameraserver.rc...
[    2.872883] init: Parsing file /system/etc/init/dpmd.rc...
[    2.873121] init: Parsing file /system/etc/init/drmserver.rc...
[    2.873329] init: Parsing file /system/etc/init/dumpstate.rc...
[    2.873595] init: Parsing file /system/etc/init/gatekeeperd.rc...
[    2.873800] init: Parsing file /system/etc/init/healthd.rc...
[    2.874006] init: Parsing file /system/etc/init/hwservicemanager.rc...
[    2.874257] init: Parsing file /system/etc/init/incidentd.rc...
[    2.874475] init: Parsing file /system/etc/init/init.pixys.rc...
[    2.874728] init: Parsing file /system/etc/init/installd.rc...
[    2.875112] init: Parsing file /system/etc/init/keystore.rc...
[    2.875381] init: Parsing file /system/etc/init/lmkd.rc...
[    2.875645] init: Parsing file /system/etc/init/logd.rc...
[    2.875880] init: Parsing file /system/etc/init/mdnsd.rc...
[    2.876089] init: Parsing file /system/etc/init/mediadrmserver.rc...
[    2.876298] init: Parsing file /system/etc/init/mediaextractor.rc...
[    2.876545] init: Parsing file /system/etc/init/mediametrics.rc...
[    2.876750] init: Parsing file /system/etc/init/mediaserver.rc...
[    2.876971] init: Parsing file /system/etc/init/mtpd.rc...
[    2.877181] init: Parsing file /system/etc/init/netd.rc...
[    2.877401] init: Parsing file /system/etc/init/perfetto.rc...
[    2.877709] init: Parsing file /system/etc/init/pixys-adb.rc...
[    2.877993] init: Parsing file /system/etc/init/pixys-governor.rc...
[    2.878367] init: Parsing file /system/etc/init/pixys-iosched.rc...
[    2.878631] init: Parsing file /system/etc/init/pixys-livedisplay.rc...
[    2.878849] init: Parsing file /system/etc/init/pixys-radio.rc...
[    2.879096] init: Parsing file /system/etc/init/pixys-ssh.rc...
[    2.879299] init: Parsing file /system/etc/init/pixys-system.rc...
[    2.879593] init: /system/etc/init/pixys-system.rc: 28: ignored duplicate definition of service 'bugreport'
[    2.879602] init: Parsing file /system/etc/init/pixys-tcp.rc...
[    2.879856] init: Parsing file /system/etc/init/racoon.rc...
[    2.880139] init: Parsing file /system/etc/init/servicemanager.rc...
[    2.880364] init: Parsing file /system/etc/init/statsd.rc...
[    2.880592] init: Parsing file /system/etc/init/storaged.rc...
[    2.880798] init: Parsing file /system/etc/init/surfaceflinger.rc...
[    2.881022] init: Parsing file /system/etc/init/thermalservice.rc...
[    2.881270] init: Parsing file /system/etc/init/tombstoned.rc...
[    2.881540] init: Parsing file /system/etc/init/uncrypt.rc...
[    2.881800] init: Parsing file /system/etc/init/usbd.rc...
[    2.882060] init: Parsing file /system/etc/init/vdc.rc...
[    2.882306] init: Parsing file /system/etc/init/vold.rc...
[    2.882516] init: Parsing file /system/etc/init/wait_for_keymaster.rc...
[    2.882722] init: Parsing file /system/etc/init/wfdservice.rc...
[    2.883005] init: Parsing file /system/etc/init/wifi-events.rc...
[    2.883336] init: Parsing file /system/etc/init/wificond.rc...
[    2.883621] init: Parsing file /product/etc/init...
[    2.883639] init: Unable to read config file '/product/etc/init': open() failed: No such file or directory
[    2.883656] init: Parsing file /odm/etc/init...
[    2.883670] init: Unable to read config file '/odm/etc/init': open() failed: No such file or directory
[    2.883683] init: Parsing directory /vendor/etc/init...
[    2.883804] init: Parsing file /vendor/etc/init/<email omitted>...
[    2.884429] init: Parsing file /vendor/etc/init/<email omitted>...
[    2.884650] init: Parsing file /vendor/etc/init/<email omitted>...
[    2.884869] init: /vendor/etc/init/<email omitted>: 1: ignored duplicate definition of service 'vendor.fps_hal'
[    2.884878] init: Parsing file /vendor/etc/init/<email omitted>...
[    2.885100] init: Parsing file /vendor/etc/init/<email omitted>...
[    2.885377] init: Parsing file /vendor/etc/init/<email omitted>...
[    2.885653] init: Parsing file /vendor/etc/init/<email omitted>...
[    2.885903] init: Parsing file /vendor/etc/init/<email omitted>...
[    2.886151] init: Parsing file /vendor/etc/init/<email omitted>...
[    2.886365] init: Parsing file /vendor/etc/init/<email omitted>...
[    2.886576] init: Parsing file /vendor/etc/init/<email omitted>...
[    2.886843] init: Parsing file /vendor/etc/init/<email omitted>...
[    2.887052] init: Parsing file /vendor/etc/init/<email omitted>...
[    2.887325] init: Parsing file /vendor/etc/init/<email omitted>...
[    2.887557] init: Parsing file /vendor/etc/init/<email omitted>...
[    2.887824] init: Parsing file /vendor/etc/init/<email omitted>...
[    2.888029] init: Parsing file /vendor/etc/init/<email omitted>...
[    2.888276] init: Parsing file /vendor/etc/init/<email omitted>...
[    2.888673] init: Parsing file /vendor/etc/init/<email omitted>...
[    2.888889] init: Parsing file /vendor/etc/init/<email omitted>...
[    2.889102] init: Parsing file /vendor/etc/init/<email omitted>...
[    2.889365] init: Parsing file /vendor/etc/init/<email omitted>...
[    2.889612] init: Parsing file /vendor/etc/init/<email omitted>...
[    2.890115] init: Parsing file /vendor/etc/init/<email omitted>...
[    2.890415] init: Parsing file /vendor/etc/init/<email omitted>...
[    2.890627] init: Parsing file /vendor/etc/init/<email omitted>...
[    2.890890] init: Parsing file /vendor/etc/init/<email omitted>...
[    2.891153] init: Parsing file /vendor/etc/init/<email omitted>...
[    2.891366] init: Parsing file /vendor/etc/init/<email omitted>...
[    2.891621] init: Parsing file /vendor/etc/init/hostapd.android.rc...
[    2.892046] init: /vendor/etc/init/hostapd.android.rc: 15: Interface 'android.hardware.wifi.hostapd@1.0::IHostapd/default' redefined in hostapd but is already defined by vendor.hostapd_fst
[    2.892065] init: Parsing file /vendor/etc/init/qcrild.rc...
[    2.892327] init: Parsing file /vendor/etc/init/rild.legacy.rc...
[    2.892581] init: Parsing file /vendor/etc/init/<email omitted>...
[    2.892830] init: Parsing file /vendor/etc/init/<email omitted>...
[    2.893040] init: Parsing file /vendor/etc/init/<email omitted>...
[    2.893301] init: Parsing file /vendor/etc/init/<email omitted>...
[    2.893514] init: Parsing file /vendor/etc/init/<email omitted>...
[    2.893784] init: Parsing file /vendor/etc/init/<email omitted>...
[    2.893990] init: Parsing file /vendor/etc/init/<email omitted>...
[    2.894199] init: Parsing file /vendor/etc/init/vndservicemanager.rc...
[    2.894520] init: processing action (early-init) from (/init.rc:14)
[    2.897591] init: starting service 'ueventd'...
[    2.898237] init: processing action (early-init) from (/vendor/etc/init/hw/init.qcom.rc:34)
[    2.900629] init: processing action (early-init) from (/vendor/etc/init/hw/init.target.rc:30)
[    2.900794] audit: type=1400 audit(20714597.589:6): avc:  denied  { setattr } for  pid=533 comm="init" name="firmware" dev="rootfs" ino=11134 scontext=u:r:vendor_init:s0 tcontext=u:object_r:rootfs:s0 tclass=dir permissive=1
[    2.901306] init: processing action (wait_for_coldboot_done) from (<Builtin Action>:0)
[    2.901583] audit: type=1400 audit(20714597.589:7): avc:  denied  { noatsecure } for  pid=535 comm="ueventd" scontext=u:r:init:s0 tcontext=u:r:ueventd:s0 tclass=process permissive=1
[    2.903699] ueventd: ueventd started!
[    2.908341] selinux: SELinux: Loaded file_contexts\x0a
[    2.908394] ueventd: Parsing file /ueventd.rc...
[    2.908983] ueventd: Parsing file /vendor/ueventd.rc...
[    2.911194] ueventd: Parsing file /odm/ueventd.rc...
[    2.911216] ueventd: Unable to read config file '/odm/ueventd.rc': open() failed: No such file or directory
[    2.911277] ueventd: Parsing file /ueventd.qcom.rc...
[    2.911291] ueventd: Unable to read config file '/ueventd.qcom.rc': open() failed: No such file or directory
[    2.980915] [BAT][CHG]\x013PMI: smblib_get_prop_adapter_id: adapter ID=0
[    3.600612] IPC_RTR: msm_ipc_router_smd_driver_register Already driver registered IPCRTR
[    3.600620] IPC_RTR: msm_ipc_router_smd_driver_register Already driver registered IPCRTR
[    8.960086] [BAT][CHG][BAT][CHG] OPEN (/persist/flag/countrycode.txt) failed !! 
[    9.491392] ueventd: Coldboot took 6.579 seconds
[    9.493934] init: wait for '/dev/.coldboot_done' took 6592ms
[    9.494031] init: Command 'wait_for_coldboot_done' action=wait_for_coldboot_done (<Builtin Action>:0) took 6592ms and succeeded
[    9.494120] init: processing action (MixHwrngIntoLinuxRng) from (<Builtin Action>:0)
[    9.494852] init: Mixed 512 bytes from /dev/hw_random into /dev/urandom
[    9.494911] init: processing action (SetMmapRndBits) from (<Builtin Action>:0)
[    9.495505] init: processing action (SetKptrRestrict) from (<Builtin Action>:0)
[    9.495679] init: processing action (keychord_init) from (<Builtin Action>:0)
[    9.495749] init: could not open /dev/keychord: No such file or directory
[    9.495817] init: processing action (console_init) from (<Builtin Action>:0)
[    9.495881] init: processing action (init) from (/init.rc:41)
[    9.496414] init: Command 'copy /default.prop /dev/urandom' action=init (/init.rc:46) took 0ms and failed: Could not read input file '/default.prop': open() failed: Too many symbolic links encountered
[    9.518535] Registered swp emulation handler
[    9.520366] init: processing action (init) from (/init.environ.rc:2)
